2025-05-17 01:48:07.435 [info] Reading sessions from keychain...
2025-05-17 01:48:07.435 [info] Getting sessions for all scopes...
2025-05-17 01:48:07.435 [info] Getting sessions for all scopes...
2025-05-17 01:48:07.435 [info] Getting sessions for all scopes...
2025-05-17 01:48:07.435 [info] Got stored sessions!
2025-05-17 01:48:07.435 [info] Got 2 verified sessions.
2025-05-17 01:48:07.435 [info] Got 2 sessions for ...
2025-05-17 01:48:07.435 [info] Got 2 sessions for ...
2025-05-17 01:48:07.435 [info] Got 2 sessions for ...
2025-05-17 01:48:07.435 [info] Getting sessions for all scopes...
2025-05-17 01:48:07.435 [info] Got 2 sessions for ...
2025-05-17 01:48:07.435 [info] Getting sessions for all scopes...
2025-05-17 01:48:07.435 [info] Got 2 sessions for ...
2025-05-17 01:48:07.435 [info] Getting sessions for all scopes...
2025-05-17 01:48:07.435 [info] Got 2 sessions for ...
2025-05-17 01:48:07.435 [info] Getting sessions for all scopes...
2025-05-17 01:48:07.435 [info] Got 2 sessions for ...
2025-05-17 01:48:07.435 [info] Getting sessions for all scopes...
2025-05-17 01:48:07.435 [info] Got 2 sessions for ...
2025-05-17 01:48:07.435 [info] Getting sessions for all scopes...
2025-05-17 01:48:07.435 [info] Got 2 sessions for ...
2025-05-17 01:48:07.435 [info] Getting sessions for all scopes...
2025-05-17 01:48:07.435 [info] Got 2 sessions for ...
2025-05-17 01:48:07.435 [info] Getting sessions for all scopes...
2025-05-17 01:48:07.435 [info] Got 2 sessions for ...
2025-05-17 01:48:07.435 [info] Getting sessions for all scopes...
2025-05-17 01:48:07.435 [info] Got 2 sessions for ...
2025-05-17 01:48:07.435 [info] Getting sessions for all scopes...
2025-05-17 01:48:07.435 [info] Got 2 sessions for ...
2025-05-17 01:48:07.435 [info] Getting sessions for all scopes...
2025-05-17 01:48:07.435 [info] Got 2 sessions for ...
2025-05-17 01:48:15.168 [info] Getting sessions for all scopes...
2025-05-17 01:48:15.168 [info] Got 2 sessions for ...
2025-05-17 01:48:15.208 [info] Getting sessions for all scopes...
2025-05-17 01:48:15.208 [info] Got 2 sessions for ...
2025-05-17 01:48:16.144 [info] Getting sessions for read:user,repo,user:email,workflow...
2025-05-17 01:48:16.144 [info] Got 1 sessions for read:user,repo,user:email,workflow...
2025-05-17 01:48:16.211 [info] Getting sessions for read:user,repo,user:email...
2025-05-17 01:48:16.211 [info] Got 0 sessions for read:user,repo,user:email...
2025-05-17 01:48:16.212 [info] Getting sessions for all scopes...
2025-05-17 01:48:16.212 [info] Got 2 sessions for ...
2025-05-17 01:48:16.212 [info] Getting sessions for all scopes...
2025-05-17 01:48:16.212 [info] Got 2 sessions for ...
2025-05-17 01:48:16.246 [info] Getting sessions for all scopes...
2025-05-17 01:48:16.246 [info] Got 2 sessions for ...
2025-05-17 01:48:16.528 [info] Getting sessions for all scopes...
2025-05-17 01:48:16.528 [info] Got 2 sessions for ...
2025-05-17 01:48:16.528 [info] Getting sessions for read:user,repo,user:email,workflow...
2025-05-17 01:48:16.528 [info] Got 1 sessions for read:user,repo,user:email,workflow...
2025-05-17 01:48:16.584 [info] Getting sessions for read:user,repo,user:email,workflow...
2025-05-17 01:48:16.584 [info] Got 1 sessions for read:user,repo,user:email,workflow...
2025-05-17 01:48:16.666 [info] Getting sessions for all scopes...
2025-05-17 01:48:16.666 [info] Got 2 sessions for ...
2025-05-17 01:48:16.816 [info] Getting sessions for read:user,repo,user:email...
2025-05-17 01:48:16.816 [info] Got 0 sessions for read:user,repo,user:email...
2025-05-17 01:48:16.952 [info] Getting sessions for read:user,repo,user:email,workflow...
2025-05-17 01:48:16.952 [info] Got 1 sessions for read:user,repo,user:email,workflow...
2025-05-17 01:48:17.404 [info] Getting sessions for all scopes...
2025-05-17 01:48:17.404 [info] Got 2 sessions for ...
2025-05-17 01:48:17.421 [info] Getting sessions for read:user,repo,user:email,workflow...
2025-05-17 01:48:17.421 [info] Got 1 sessions for read:user,repo,user:email,workflow...
2025-05-17 01:48:17.460 [info] Getting sessions for read:user,repo,user:email,workflow...
2025-05-17 01:48:17.460 [info] Got 1 sessions for read:user,repo,user:email,workflow...
2025-05-17 01:48:17.507 [info] Getting sessions for all scopes...
2025-05-17 01:48:17.507 [info] Got 2 sessions for ...
2025-05-17 01:48:17.509 [info] Getting sessions for read:user,repo,user:email,workflow...
2025-05-17 01:48:17.509 [info] Got 1 sessions for read:user,repo,user:email,workflow...
2025-05-17 01:48:17.901 [info] Getting sessions for read:user,repo,user:email,workflow...
2025-05-17 01:48:17.901 [info] Got 1 sessions for read:user,repo,user:email,workflow...
2025-05-17 01:48:18.352 [info] Getting sessions for read:user,repo,user:email,workflow...
2025-05-17 01:48:18.353 [info] Got 1 sessions for read:user,repo,user:email,workflow...
2025-05-17 01:48:18.442 [info] Getting sessions for all scopes...
2025-05-17 01:48:18.442 [info] Got 2 sessions for ...
2025-05-17 01:48:18.442 [info] Getting sessions for all scopes...
2025-05-17 01:48:18.442 [info] Got 2 sessions for ...
2025-05-17 01:48:18.443 [info] Getting sessions for read:user,repo,user:email,workflow...
2025-05-17 01:48:18.443 [info] Got 1 sessions for read:user,repo,user:email,workflow...
2025-05-17 01:48:18.458 [info] Getting sessions for all scopes...
2025-05-17 01:48:18.458 [info] Got 2 sessions for ...
2025-05-17 01:48:18.460 [info] Getting sessions for read:user,repo,user:email,workflow...
2025-05-17 01:48:18.460 [info] Got 1 sessions for read:user,repo,user:email,workflow...
2025-05-17 01:48:18.526 [info] Getting sessions for all scopes...
2025-05-17 01:48:18.526 [info] Got 2 sessions for ...
2025-05-17 01:48:18.529 [info] Getting sessions for read:user,repo,user:email,workflow...
2025-05-17 01:48:18.529 [info] Got 1 sessions for read:user,repo,user:email,workflow...
2025-05-17 01:48:18.535 [info] Getting sessions for all scopes...
2025-05-17 01:48:18.535 [info] Got 2 sessions for ...
2025-05-17 01:48:18.536 [info] Getting sessions for all scopes...
2025-05-17 01:48:18.536 [info] Got 2 sessions for ...
2025-05-17 01:48:19.962 [info] Getting sessions for all scopes...
2025-05-17 01:48:19.963 [info] Got 2 sessions for ...
2025-05-17 01:48:19.969 [info] Getting sessions for read:user,repo,user:email,workflow...
2025-05-17 01:48:19.969 [info] Got 1 sessions for read:user,repo,user:email,workflow...
2025-05-17 01:57:36.568 [info] Getting sessions for read:user,repo,user:email...
2025-05-17 01:57:36.572 [info] Got 0 sessions for read:user,repo,user:email...
2025-05-17 01:57:36.885 [info] Getting sessions for read:user,repo,user:email...
2025-05-17 01:57:36.885 [info] Got 0 sessions for read:user,repo,user:email...
2025-05-17 02:03:19.972 [info] Getting sessions for all scopes...
2025-05-17 02:03:19.983 [info] Got 2 sessions for ...
2025-05-17 02:03:19.985 [info] Getting sessions for read:user,repo,user:email,workflow...
2025-05-17 02:03:19.986 [info] Got 1 sessions for read:user,repo,user:email,workflow...
2025-05-17 02:18:19.989 [info] Getting sessions for all scopes...
2025-05-17 02:18:20.017 [info] Got 2 sessions for ...
2025-05-17 02:18:20.020 [info] Getting sessions for read:user,repo,user:email,workflow...
2025-05-17 02:18:20.020 [info] Got 1 sessions for read:user,repo,user:email,workflow...
2025-05-17 02:18:20.021 [info] Getting sessions for all scopes...
2025-05-17 02:18:20.021 [info] Got 2 sessions for ...
2025-05-17 02:18:20.023 [info] Getting sessions for read:user,repo,user:email,workflow...
2025-05-17 02:18:20.023 [info] Got 1 sessions for read:user,repo,user:email,workflow...
2025-05-17 02:18:21.131 [info] Getting sessions for all scopes...
2025-05-17 02:18:21.131 [info] Got 2 sessions for ...
2025-05-17 02:18:21.131 [info] Getting sessions for all scopes...
2025-05-17 02:18:21.131 [info] Got 2 sessions for ...
2025-05-17 02:18:21.133 [info] Getting sessions for read:user,repo,user:email,workflow...
2025-05-17 02:18:21.133 [info] Got 1 sessions for read:user,repo,user:email,workflow...
2025-05-17 02:18:21.135 [info] Getting sessions for all scopes...
2025-05-17 02:18:21.135 [info] Got 2 sessions for ...
2025-05-17 02:18:21.136 [info] Getting sessions for read:user,repo,user:email,workflow...
2025-05-17 02:18:21.136 [info] Got 1 sessions for read:user,repo,user:email,workflow...
2025-05-17 02:18:21.138 [info] Getting sessions for all scopes...
2025-05-17 02:18:21.138 [info] Got 2 sessions for ...
2025-05-17 02:18:21.139 [info] Getting sessions for read:user,repo,user:email,workflow...
2025-05-17 02:18:21.139 [info] Got 1 sessions for read:user,repo,user:email,workflow...
2025-05-17 02:33:21.144 [info] Getting sessions for all scopes...
2025-05-17 02:33:21.156 [info] Got 2 sessions for ...
2025-05-17 02:33:21.160 [info] Getting sessions for read:user,repo,user:email,workflow...
2025-05-17 02:33:21.160 [info] Got 1 sessions for read:user,repo,user:email,workflow...
2025-05-17 02:33:21.164 [info] Getting sessions for all scopes...
2025-05-17 02:33:21.164 [info] Got 2 sessions for ...
2025-05-17 02:33:21.168 [info] Getting sessions for read:user,repo,user:email,workflow...
2025-05-17 02:33:21.168 [info] Got 1 sessions for read:user,repo,user:email,workflow...
