2025-05-17 02:44:39.691 [info] Reading sessions from keychain...
2025-05-17 02:44:39.691 [info] Getting sessions for all scopes...
2025-05-17 02:44:39.691 [info] Getting sessions for all scopes...
2025-05-17 02:44:39.691 [info] Getting sessions for all scopes...
2025-05-17 02:44:39.691 [info] Getting sessions for all scopes...
2025-05-17 02:44:39.691 [info] Got stored sessions!
2025-05-17 02:44:39.691 [info] Got 2 verified sessions.
2025-05-17 02:44:39.691 [info] Got 2 sessions for ...
2025-05-17 02:44:39.691 [info] Got 2 sessions for ...
2025-05-17 02:44:39.691 [info] Got 2 sessions for ...
2025-05-17 02:44:39.691 [info] Got 2 sessions for ...
2025-05-17 02:44:39.691 [info] Getting sessions for all scopes...
2025-05-17 02:44:39.691 [info] Got 2 sessions for ...
2025-05-17 02:44:39.691 [info] Getting sessions for all scopes...
2025-05-17 02:44:39.691 [info] Got 2 sessions for ...
2025-05-17 02:44:39.691 [info] Getting sessions for all scopes...
2025-05-17 02:44:39.691 [info] Got 2 sessions for ...
2025-05-17 02:44:39.691 [info] Getting sessions for all scopes...
2025-05-17 02:44:39.691 [info] Got 2 sessions for ...
2025-05-17 02:44:39.691 [info] Getting sessions for all scopes...
2025-05-17 02:44:39.691 [info] Got 2 sessions for ...
2025-05-17 02:44:39.691 [info] Getting sessions for all scopes...
2025-05-17 02:44:39.691 [info] Got 2 sessions for ...
2025-05-17 02:44:39.691 [info] Getting sessions for all scopes...
2025-05-17 02:44:39.691 [info] Got 2 sessions for ...
2025-05-17 02:44:39.691 [info] Getting sessions for all scopes...
2025-05-17 02:44:39.691 [info] Got 2 sessions for ...
2025-05-17 02:44:39.691 [info] Getting sessions for all scopes...
2025-05-17 02:44:39.691 [info] Got 2 sessions for ...
2025-05-17 02:44:39.691 [info] Getting sessions for all scopes...
2025-05-17 02:44:39.691 [info] Got 2 sessions for ...
2025-05-17 02:44:39.691 [info] Getting sessions for all scopes...
2025-05-17 02:44:39.691 [info] Got 2 sessions for ...
2025-05-17 02:44:42.867 [info] Getting sessions for read:user,repo,user:email...
2025-05-17 02:44:42.867 [info] Got 0 sessions for read:user,repo,user:email...
2025-05-17 02:44:42.868 [info] Getting sessions for all scopes...
2025-05-17 02:44:42.868 [info] Got 2 sessions for ...
2025-05-17 02:44:42.868 [info] Getting sessions for all scopes...
2025-05-17 02:44:42.868 [info] Got 2 sessions for ...
2025-05-17 02:44:42.896 [info] Getting sessions for all scopes...
2025-05-17 02:44:42.896 [info] Got 2 sessions for ...
2025-05-17 02:44:43.084 [info] Getting sessions for all scopes...
2025-05-17 02:44:43.084 [info] Got 2 sessions for ...
2025-05-17 02:44:43.084 [info] Getting sessions for read:user,repo,user:email,workflow...
2025-05-17 02:44:43.084 [info] Got 1 sessions for read:user,repo,user:email,workflow...
2025-05-17 02:44:43.179 [info] Getting sessions for read:user,repo,user:email,workflow...
2025-05-17 02:44:43.179 [info] Got 1 sessions for read:user,repo,user:email,workflow...
2025-05-17 02:44:43.759 [info] Getting sessions for all scopes...
2025-05-17 02:44:43.759 [info] Got 2 sessions for ...
2025-05-17 02:44:43.858 [info] Getting sessions for read:user,repo,user:email...
2025-05-17 02:44:43.858 [info] Got 0 sessions for read:user,repo,user:email...
2025-05-17 02:44:44.157 [info] Getting sessions for read:user,repo,user:email,workflow...
2025-05-17 02:44:44.158 [info] Got 1 sessions for read:user,repo,user:email,workflow...
2025-05-17 02:44:44.175 [info] Getting sessions for read:user,repo,user:email,workflow...
2025-05-17 02:44:44.175 [info] Got 1 sessions for read:user,repo,user:email,workflow...
2025-05-17 02:44:44.290 [info] Getting sessions for all scopes...
2025-05-17 02:44:44.290 [info] Got 2 sessions for ...
2025-05-17 02:44:44.355 [info] Getting sessions for read:user,repo,user:email,workflow...
2025-05-17 02:44:44.355 [info] Got 1 sessions for read:user,repo,user:email,workflow...
2025-05-17 02:44:44.419 [info] Getting sessions for read:user,repo,user:email...
2025-05-17 02:44:44.419 [info] Got 0 sessions for read:user,repo,user:email...
2025-05-17 02:44:44.419 [info] Getting sessions for all scopes...
2025-05-17 02:44:44.419 [info] Got 2 sessions for ...
2025-05-17 02:44:44.434 [info] Getting sessions for read:user,repo,user:email,workflow...
2025-05-17 02:44:44.434 [info] Got 1 sessions for read:user,repo,user:email,workflow...
2025-05-17 02:44:44.970 [info] Getting sessions for read:user,repo,user:email,workflow...
2025-05-17 02:44:44.970 [info] Got 1 sessions for read:user,repo,user:email,workflow...
2025-05-17 02:44:45.506 [info] Getting sessions for all scopes...
2025-05-17 02:44:45.506 [info] Got 2 sessions for ...
2025-05-17 02:44:45.507 [info] Getting sessions for all scopes...
2025-05-17 02:44:45.507 [info] Got 2 sessions for ...
2025-05-17 02:44:45.521 [info] Getting sessions for read:user,repo,user:email,workflow...
2025-05-17 02:44:45.521 [info] Got 1 sessions for read:user,repo,user:email,workflow...
2025-05-17 02:44:45.523 [info] Getting sessions for all scopes...
2025-05-17 02:44:45.523 [info] Got 2 sessions for ...
2025-05-17 02:44:45.524 [info] Getting sessions for read:user,repo,user:email,workflow...
2025-05-17 02:44:45.524 [info] Got 1 sessions for read:user,repo,user:email,workflow...
2025-05-17 02:44:45.592 [info] Getting sessions for all scopes...
2025-05-17 02:44:45.592 [info] Got 2 sessions for ...
2025-05-17 02:44:45.594 [info] Getting sessions for read:user,repo,user:email,workflow...
2025-05-17 02:44:45.595 [info] Got 1 sessions for read:user,repo,user:email,workflow...
2025-05-17 02:44:45.604 [info] Getting sessions for all scopes...
2025-05-17 02:44:45.604 [info] Got 2 sessions for ...
2025-05-17 02:44:45.609 [info] Getting sessions for all scopes...
2025-05-17 02:44:45.609 [info] Got 2 sessions for ...
2025-05-17 02:44:46.997 [info] Getting sessions for all scopes...
2025-05-17 02:44:46.997 [info] Got 2 sessions for ...
2025-05-17 02:44:46.998 [info] Getting sessions for read:user,repo,user:email,workflow...
2025-05-17 02:44:46.998 [info] Got 1 sessions for read:user,repo,user:email,workflow...
2025-05-17 02:47:37.457 [info] Getting sessions for read:user,repo,user:email,workflow...
2025-05-17 02:47:37.457 [info] Got 1 sessions for read:user,repo,user:email,workflow...
2025-05-17 02:47:38.090 [info] Getting sessions for read:user,repo,user:email,workflow...
2025-05-17 02:47:38.091 [info] Got 1 sessions for read:user,repo,user:email,workflow...
2025-05-17 02:48:08.327 [info] Getting sessions for read:user,repo,user:email,workflow...
2025-05-17 02:48:08.327 [info] Got 1 sessions for read:user,repo,user:email,workflow...
2025-05-17 02:48:11.975 [info] Getting sessions for read:user,repo,user:email,workflow...
2025-05-17 02:48:11.975 [info] Got 1 sessions for read:user,repo,user:email,workflow...
2025-05-17 02:48:12.170 [info] Getting sessions for read:user,repo,user:email...
2025-05-17 02:48:12.170 [info] Got 0 sessions for read:user,repo,user:email...
2025-05-17 02:59:47.001 [info] Getting sessions for all scopes...
2025-05-17 02:59:47.002 [info] Got 2 sessions for ...
2025-05-17 02:59:47.004 [info] Getting sessions for read:user,repo,user:email,workflow...
2025-05-17 02:59:47.004 [info] Got 1 sessions for read:user,repo,user:email,workflow...
2025-05-17 02:59:47.006 [info] Getting sessions for all scopes...
2025-05-17 02:59:47.006 [info] Got 2 sessions for ...
2025-05-17 02:59:47.008 [info] Getting sessions for read:user,repo,user:email,workflow...
2025-05-17 02:59:47.008 [info] Got 1 sessions for read:user,repo,user:email,workflow...
2025-05-17 03:14:47.749 [info] Getting sessions for all scopes...
2025-05-17 03:14:47.749 [info] Got 2 sessions for ...
2025-05-17 03:14:47.753 [info] Getting sessions for read:user,repo,user:email,workflow...
2025-05-17 03:14:47.753 [info] Got 1 sessions for read:user,repo,user:email,workflow...
2025-05-17 03:14:47.757 [info] Getting sessions for all scopes...
2025-05-17 03:14:47.757 [info] Got 2 sessions for ...
2025-05-17 03:14:47.760 [info] Getting sessions for read:user,repo,user:email,workflow...
2025-05-17 03:14:47.760 [info] Got 1 sessions for read:user,repo,user:email,workflow...
2025-05-17 03:14:48.757 [info] Getting sessions for all scopes...
2025-05-17 03:14:48.757 [info] Got 2 sessions for ...
2025-05-17 03:14:48.757 [info] Getting sessions for all scopes...
2025-05-17 03:14:48.757 [info] Got 2 sessions for ...
2025-05-17 03:14:48.758 [info] Getting sessions for read:user,repo,user:email,workflow...
2025-05-17 03:14:48.758 [info] Got 1 sessions for read:user,repo,user:email,workflow...
2025-05-17 03:14:48.762 [info] Getting sessions for all scopes...
2025-05-17 03:14:48.762 [info] Got 2 sessions for ...
2025-05-17 03:14:48.766 [info] Getting sessions for read:user,repo,user:email,workflow...
2025-05-17 03:14:48.766 [info] Got 1 sessions for read:user,repo,user:email,workflow...
2025-05-17 03:14:48.771 [info] Getting sessions for all scopes...
2025-05-17 03:14:48.771 [info] Got 2 sessions for ...
2025-05-17 03:14:48.773 [info] Getting sessions for read:user,repo,user:email,workflow...
2025-05-17 03:14:48.773 [info] Got 1 sessions for read:user,repo,user:email,workflow...
2025-05-17 03:29:48.779 [info] Getting sessions for all scopes...
2025-05-17 03:29:48.779 [info] Got 2 sessions for ...
2025-05-17 03:29:48.780 [info] Getting sessions for read:user,repo,user:email,workflow...
2025-05-17 03:29:48.780 [info] Got 1 sessions for read:user,repo,user:email,workflow...
2025-05-17 03:29:48.782 [info] Getting sessions for all scopes...
2025-05-17 03:29:48.782 [info] Got 2 sessions for ...
2025-05-17 03:29:48.783 [info] Getting sessions for read:user,repo,user:email,workflow...
2025-05-17 03:29:48.783 [info] Got 1 sessions for read:user,repo,user:email,workflow...
2025-05-17 03:31:58.937 [info] Getting sessions for read:user,repo,user:email,workflow...
2025-05-17 03:31:58.937 [info] Got 1 sessions for read:user,repo,user:email,workflow...
2025-05-17 03:32:28.655 [info] Getting sessions for user:email...
2025-05-17 03:32:28.655 [info] Got 1 sessions for user:email...
2025-05-17 03:32:31.705 [info] Getting sessions for user:email...
2025-05-17 03:32:31.706 [info] Got 1 sessions for user:email...
2025-05-17 03:32:37.224 [info] Getting sessions for read:user,repo,user:email...
2025-05-17 03:32:37.224 [info] Got 0 sessions for read:user,repo,user:email...
2025-05-17 03:32:49.303 [info] Getting sessions for read:user,repo,user:email,workflow...
2025-05-17 03:32:49.303 [info] Got 1 sessions for read:user,repo,user:email,workflow...
2025-05-17 03:32:49.901 [info] Getting sessions for read:user,repo,user:email,workflow...
2025-05-17 03:32:49.901 [info] Got 1 sessions for read:user,repo,user:email,workflow...
2025-05-17 03:32:49.924 [info] Getting sessions for read:user,repo,user:email...
2025-05-17 03:32:49.924 [info] Got 0 sessions for read:user,repo,user:email...
2025-05-17 03:32:52.132 [info] Getting sessions for all scopes...
2025-05-17 03:32:52.132 [info] Got 2 sessions for ...
2025-05-17 03:32:52.134 [info] Getting sessions for read:user,repo,user:email,workflow...
2025-05-17 03:32:52.134 [info] Got 1 sessions for read:user,repo,user:email,workflow...
2025-05-17 03:33:00.655 [info] Getting sessions for read:user,repo,user:email,workflow...
2025-05-17 03:33:00.655 [info] Got 1 sessions for read:user,repo,user:email,workflow...
2025-05-17 03:33:01.060 [info] Getting sessions for read:user,repo,user:email,workflow...
2025-05-17 03:33:01.060 [info] Got 1 sessions for read:user,repo,user:email,workflow...
