2025-05-16 19:34:28.741 [info] Reading sessions from keychain...
2025-05-16 19:34:28.741 [info] Getting sessions for all scopes...
2025-05-16 19:34:28.741 [info] Getting sessions for all scopes...
2025-05-16 19:34:28.741 [info] Getting sessions for all scopes...
2025-05-16 19:34:28.741 [info] Getting sessions for all scopes...
2025-05-16 19:34:28.741 [info] Got stored sessions!
2025-05-16 19:34:28.741 [info] Got 2 verified sessions.
2025-05-16 19:34:28.741 [info] Got 2 sessions for ...
2025-05-16 19:34:28.741 [info] Got 2 sessions for ...
2025-05-16 19:34:28.741 [info] Got 2 sessions for ...
2025-05-16 19:34:28.741 [info] Got 2 sessions for ...
2025-05-16 19:34:28.741 [info] Getting sessions for all scopes...
2025-05-16 19:34:28.741 [info] Got 2 sessions for ...
2025-05-16 19:34:28.742 [info] Getting sessions for all scopes...
2025-05-16 19:34:28.742 [info] Got 2 sessions for ...
2025-05-16 19:34:28.742 [info] Getting sessions for all scopes...
2025-05-16 19:34:28.742 [info] Got 2 sessions for ...
2025-05-16 19:34:28.742 [info] Getting sessions for all scopes...
2025-05-16 19:34:28.742 [info] Got 2 sessions for ...
2025-05-16 19:34:28.742 [info] Getting sessions for all scopes...
2025-05-16 19:34:28.742 [info] Got 2 sessions for ...
2025-05-16 19:34:28.742 [info] Getting sessions for all scopes...
2025-05-16 19:34:28.742 [info] Got 2 sessions for ...
2025-05-16 19:34:28.742 [info] Getting sessions for all scopes...
2025-05-16 19:34:28.742 [info] Got 2 sessions for ...
2025-05-16 19:34:28.742 [info] Getting sessions for all scopes...
2025-05-16 19:34:28.742 [info] Got 2 sessions for ...
2025-05-16 19:34:28.742 [info] Getting sessions for all scopes...
2025-05-16 19:34:28.742 [info] Got 2 sessions for ...
2025-05-16 19:34:28.742 [info] Getting sessions for all scopes...
2025-05-16 19:34:28.742 [info] Got 2 sessions for ...
2025-05-16 19:34:28.742 [info] Getting sessions for all scopes...
2025-05-16 19:34:28.742 [info] Got 2 sessions for ...
2025-05-16 19:34:31.340 [info] Getting sessions for all scopes...
2025-05-16 19:34:31.340 [info] Got 2 sessions for ...
2025-05-16 19:34:31.396 [info] Getting sessions for all scopes...
2025-05-16 19:34:31.397 [info] Got 2 sessions for ...
2025-05-16 19:34:31.397 [info] Getting sessions for read:user,repo,user:email,workflow...
2025-05-16 19:34:31.397 [info] Got 1 sessions for read:user,repo,user:email,workflow...
2025-05-16 19:34:34.827 [info] Getting sessions for read:user,repo,user:email...
2025-05-16 19:34:34.827 [info] Got 0 sessions for read:user,repo,user:email...
2025-05-16 19:34:34.827 [info] Getting sessions for all scopes...
2025-05-16 19:34:34.827 [info] Got 2 sessions for ...
2025-05-16 19:34:34.827 [info] Getting sessions for all scopes...
2025-05-16 19:34:34.827 [info] Got 2 sessions for ...
2025-05-16 19:34:35.146 [info] Getting sessions for read:user,repo,user:email,workflow...
2025-05-16 19:34:35.146 [info] Got 1 sessions for read:user,repo,user:email,workflow...
2025-05-16 19:34:35.441 [info] Getting sessions for read:user,repo,user:email,workflow...
2025-05-16 19:34:35.441 [info] Got 1 sessions for read:user,repo,user:email,workflow...
2025-05-16 19:34:35.538 [info] Getting sessions for all scopes...
2025-05-16 19:34:35.538 [info] Got 2 sessions for ...
2025-05-16 19:34:35.569 [info] Getting sessions for read:user,repo,user:email...
2025-05-16 19:34:35.569 [info] Got 0 sessions for read:user,repo,user:email...
2025-05-16 19:34:35.853 [info] Getting sessions for read:user,repo,user:email,workflow...
2025-05-16 19:34:35.853 [info] Got 1 sessions for read:user,repo,user:email,workflow...
2025-05-16 19:34:35.937 [info] Getting sessions for all scopes...
2025-05-16 19:34:35.941 [info] Got 2 sessions for ...
2025-05-16 19:34:35.944 [info] Getting sessions for read:user,repo,user:email,workflow...
2025-05-16 19:34:35.944 [info] Got 1 sessions for read:user,repo,user:email,workflow...
2025-05-16 19:34:38.694 [info] Getting sessions for read:user,repo,user:email,workflow...
2025-05-16 19:34:38.694 [info] Got 1 sessions for read:user,repo,user:email,workflow...
2025-05-16 19:34:38.780 [info] Getting sessions for all scopes...
2025-05-16 19:34:38.780 [info] Got 2 sessions for ...
2025-05-16 19:34:38.781 [info] Getting sessions for read:user,repo,user:email,workflow...
2025-05-16 19:34:38.781 [info] Got 1 sessions for read:user,repo,user:email,workflow...
2025-05-16 19:34:39.139 [info] Getting sessions for all scopes...
2025-05-16 19:34:39.139 [info] Got 2 sessions for ...
2025-05-16 19:34:39.140 [info] Getting sessions for all scopes...
2025-05-16 19:34:39.140 [info] Got 2 sessions for ...
2025-05-16 19:34:39.158 [info] Getting sessions for read:user,repo,user:email,workflow...
2025-05-16 19:34:39.158 [info] Got 1 sessions for read:user,repo,user:email,workflow...
2025-05-16 19:34:39.164 [info] Getting sessions for all scopes...
2025-05-16 19:34:39.164 [info] Got 2 sessions for ...
2025-05-16 19:34:39.165 [info] Getting sessions for read:user,repo,user:email,workflow...
2025-05-16 19:34:39.165 [info] Got 1 sessions for read:user,repo,user:email,workflow...
2025-05-16 19:34:39.358 [info] Getting sessions for all scopes...
2025-05-16 19:34:39.358 [info] Got 2 sessions for ...
2025-05-16 19:34:39.390 [info] Getting sessions for read:user,repo,user:email,workflow...
2025-05-16 19:34:39.390 [info] Got 1 sessions for read:user,repo,user:email,workflow...
2025-05-16 19:34:39.420 [info] Getting sessions for all scopes...
2025-05-16 19:34:39.420 [info] Got 2 sessions for ...
2025-05-16 19:34:39.421 [info] Getting sessions for all scopes...
2025-05-16 19:34:39.421 [info] Got 2 sessions for ...
2025-05-16 19:34:41.005 [info] Getting sessions for all scopes...
2025-05-16 19:34:41.005 [info] Got 2 sessions for ...
2025-05-16 19:34:41.007 [info] Getting sessions for read:user,repo,user:email,workflow...
2025-05-16 19:34:41.007 [info] Got 1 sessions for read:user,repo,user:email,workflow...
