2025-05-16 19:34:33.605 [info] [main] Log level: Info
2025-05-16 19:34:33.605 [info] [main] Validating found git in: "git"
2025-05-16 19:34:33.605 [info] [main] Using git "2.49.0" from "git"
2025-05-16 19:34:33.605 [info] [Model][doInitialScan] Initial repository scan started
2025-05-16 19:34:33.605 [info] > git rev-parse --show-toplevel [11ms]
2025-05-16 19:34:33.605 [info] > git rev-parse --git-dir --git-common-dir [4ms]
2025-05-16 19:34:33.605 [info] [Model][openRepository] Opened repository (path): /home/fiuba/Documents/Proyectos/sisop_2025a_g57
2025-05-16 19:34:33.605 [info] [Model][openRepository] Opened repository (real path): /home/fiuba/Documents/Proyectos/sisop_2025a_g57
2025-05-16 19:34:33.644 [info] > git fetch [2143ms]
2025-05-16 19:34:33.644 [info] From https://github.com/fiubatps/sisop_2025a_g57
 * [new branch]      sched_parte_2 -> origin/sched_parte_2
2025-05-16 19:34:34.643 [info] > git rev-parse --show-toplevel [1000ms]
2025-05-16 19:34:34.644 [info] > git config --get commit.template [1020ms]
2025-05-16 19:34:34.748 [info] > git check-ignore -v -z --stdin [88ms]
2025-05-16 19:34:34.813 [info] > git config --get commit.template [209ms]
2025-05-16 19:34:34.998 [info] > git rev-parse --show-toplevel [252ms]
2025-05-16 19:34:35.028 [info] > git for-each-ref --format=%(refname)%00%(upstream:short)%00%(objectname)%00%(upstream:track)%00%(upstream:remotename)%00%(upstream:remoteref) refs/heads/sched_parte_3 refs/remotes/sched_parte_3 [177ms]
2025-05-16 19:34:35.032 [info] > git rev-parse --show-toplevel [5ms]
2025-05-16 19:34:35.034 [info] [Model][doInitialScan] Initial repository scan completed - repositories (1), closed repositories (0), parent repositories (0), unsafe repositories (0)
2025-05-16 19:34:35.089 [info] > git for-each-ref --format=%(refname)%00%(upstream:short)%00%(objectname)%00%(upstream:track)%00%(upstream:remotename)%00%(upstream:remoteref) refs/heads/sched_parte_3 refs/remotes/sched_parte_3 [76ms]
2025-05-16 19:34:35.100 [info] > git show --textconv :sched/kern/console.c [51ms]
2025-05-16 19:34:35.100 [info] > git show --textconv :sched/kern/init.c [24ms]
2025-05-16 19:34:35.100 [info] > git ls-files --stage -- sched/kern/init.c [11ms]
2025-05-16 19:34:35.114 [info] > git ls-files --stage -- sched/kern/console.c [52ms]
2025-05-16 19:34:35.145 [info] > git cat-file -s 905f0baf3493eb766bba032343ada2a7b3b81909 [18ms]
2025-05-16 19:34:35.146 [info] > git cat-file -s b546772e549985930237862a413e2414bec01aa2 [33ms]
2025-05-16 19:34:35.206 [info] > git for-each-ref --format=%(refname)%00%(upstream:short)%00%(objectname)%00%(upstream:track)%00%(upstream:remotename)%00%(upstream:remoteref) refs/heads/sched_parte_3 refs/remotes/sched_parte_3 [42ms]
2025-05-16 19:34:35.278 [info] > git config --get --local branch.sched_parte_3.vscode-merge-base [58ms]
2025-05-16 19:34:35.294 [info] > git for-each-ref --format=%(refname)%00%(upstream:short)%00%(objectname)%00%(upstream:track)%00%(upstream:remotename)%00%(upstream:remoteref) refs/heads/sched_parte_3 refs/remotes/sched_parte_3 [97ms]
2025-05-16 19:34:35.312 [info] > git config --get commit.template [129ms]
2025-05-16 19:34:35.372 [info] > git ls-files --stage -- sched/kern/init.c [45ms]
2025-05-16 19:34:35.385 [info] > git config --get --local branch.sched_parte_3.vscode-merge-base [73ms]
2025-05-16 19:34:35.399 [info] > git for-each-ref --format=%(refname)%00%(upstream:short)%00%(objectname)%00%(upstream:track)%00%(upstream:remotename)%00%(upstream:remoteref) refs/heads/origin/base_sched refs/remotes/origin/base_sched [106ms]
2025-05-16 19:34:35.500 [info] > git merge-base refs/heads/sched_parte_3 refs/remotes/origin/sched_parte_3 [86ms]
2025-05-16 19:34:35.513 [info] > git for-each-ref --format=%(refname)%00%(upstream:short)%00%(objectname)%00%(upstream:track)%00%(upstream:remotename)%00%(upstream:remoteref) refs/heads/origin/base_sched refs/remotes/origin/base_sched [115ms]
2025-05-16 19:34:35.526 [info] > git cat-file -s b546772e549985930237862a413e2414bec01aa2 [141ms]
2025-05-16 19:34:35.578 [info] > git merge-base refs/heads/sched_parte_3 refs/remotes/origin/sched_parte_3 [52ms]
2025-05-16 19:34:35.592 [info] > git diff --name-status -z --diff-filter=ADMR 995381c7ed5f85b59d1f427ff8c6bde3bc14336a...refs/remotes/origin/sched_parte_3 [79ms]
2025-05-16 19:34:35.596 [info] > git for-each-ref --format=%(refname)%00%(upstream:short)%00%(objectname)%00%(upstream:track)%00%(upstream:remotename)%00%(upstream:remoteref) refs/heads/sched_parte_3 refs/remotes/sched_parte_3 [139ms]
2025-05-16 19:34:35.617 [info] > git show --textconv :sched/kern/init.c [4ms]
2025-05-16 19:34:35.617 [info] > git diff --name-status -z --diff-filter=ADMR 995381c7ed5f85b59d1f427ff8c6bde3bc14336a...refs/remotes/origin/sched_parte_3 [25ms]
2025-05-16 19:34:35.837 [info] > git blame --root --incremental 995381c7ed5f85b59d1f427ff8c6bde3bc14336a -- sched/kern/init.c [156ms]
2025-05-16 19:34:35.900 [info] > git for-each-ref --sort -committerdate --format %(refname)%00%(objectname)%00%(*objectname) [17ms]
2025-05-16 19:34:38.559 [info] > git status -z -uall [2690ms]
2025-05-16 19:34:38.664 [info] > git config --get commit.template [16ms]
2025-05-16 19:34:38.696 [info] > git for-each-ref --format=%(refname)%00%(upstream:short)%00%(objectname)%00%(upstream:track)%00%(upstream:remotename)%00%(upstream:remoteref) refs/heads/sched_parte_3 refs/remotes/sched_parte_3 [16ms]
2025-05-16 19:34:38.764 [info] > git status -z -uall [23ms]
2025-05-16 19:34:38.764 [info] > git for-each-ref --sort -committerdate --format %(refname)%00%(objectname)%00%(*objectname) [5ms]
2025-05-16 19:34:40.295 [info] > git show --textconv :sched/kern/kdebug.c [26ms]
2025-05-16 19:34:40.295 [info] > git ls-files --stage -- sched/kern/kdebug.c [1ms]
2025-05-16 19:34:40.316 [info] > git cat-file -s 68346222c3e9c57447e206277c0c9a366170352e [3ms]
2025-05-16 19:34:40.994 [info] > git check-ignore -v -z --stdin [2ms]
2025-05-16 19:34:42.058 [info] > git check-ignore -v -z --stdin [2ms]
2025-05-16 19:34:42.519 [info] > git show --textconv :sched/kern/pmap.h [26ms]
2025-05-16 19:34:42.522 [info] > git ls-files --stage -- sched/kern/pmap.h [4ms]
2025-05-16 19:34:42.542 [info] > git cat-file -s db1ae930979c22b6010e6bf7f1f9a03aa2866664 [1ms]
2025-05-16 19:34:43.379 [info] > git show --textconv :sched/kern/sched.c [2ms]
2025-05-16 19:34:43.414 [info] > git ls-files --stage -- sched/kern/sched.c [1ms]
2025-05-16 19:34:43.433 [info] > git cat-file -s 079f6a7d42f470fb5fd304eee51c550d08941cc5 [3ms]
2025-05-16 19:34:43.472 [info] > git blame --root --incremental 995381c7ed5f85b59d1f427ff8c6bde3bc14336a -- sched/kern/sched.c [3ms]
2025-05-16 19:34:44.423 [info] > git show --textconv :sched/kern/syscall.h [18ms]
2025-05-16 19:34:44.425 [info] > git ls-files --stage -- sched/kern/syscall.h [3ms]
2025-05-16 19:34:44.447 [info] > git cat-file -s 0d4e68ddd3da937bbab84fd920202e105de2ae93 [1ms]
2025-05-16 19:34:45.055 [info] > git check-ignore -v -z --stdin [2ms]
2025-05-16 19:34:45.615 [info] > git check-ignore -v -z --stdin [2ms]
2025-05-16 19:34:46.138 [info] > git show --textconv :sched/lib/libmain.c [21ms]
2025-05-16 19:34:46.141 [info] > git ls-files --stage -- sched/lib/libmain.c [4ms]
2025-05-16 19:34:46.161 [info] > git cat-file -s fec859bb40e55893b4355f68d3f0ff07722c92b0 [4ms]
2025-05-16 19:34:46.986 [info] > git show --textconv :sched/lib/ipc.c [0ms]
2025-05-16 19:34:47.008 [info] > git ls-files --stage -- sched/lib/ipc.c [3ms]
2025-05-16 19:34:47.026 [info] > git cat-file -s d0ce35239b9cb3130048a3e92ea4ae3f0d51f058 [2ms]
2025-05-16 19:34:48.763 [info] > git show --textconv :sched/lib/fork.c [25ms]
2025-05-16 19:34:48.767 [info] > git ls-files --stage -- sched/lib/fork.c [5ms]
2025-05-16 19:34:48.786 [info] > git cat-file -s 7c9cb85924d71e4a7e4329239ba5d31aeca90a34 [3ms]
2025-05-16 19:34:51.414 [info] > git blame --root --incremental 995381c7ed5f85b59d1f427ff8c6bde3bc14336a -- sched/lib/fork.c [7ms]
2025-05-16 19:35:17.394 [info] > git show --textconv :sched/lib/syscall.c [21ms]
2025-05-16 19:35:17.400 [info] > git ls-files --stage -- sched/lib/syscall.c [8ms]
2025-05-16 19:35:17.419 [info] > git cat-file -s 256ba983b1996d0953fab6c9e6b071b69313fca9 [3ms]
2025-05-16 19:35:20.288 [info] > git check-ignore -v -z --stdin [1ms]
2025-05-16 19:35:21.736 [info] > git check-ignore -v -z --stdin [1ms]
2025-05-16 19:35:22.714 [info] > git check-ignore -v -z --stdin [1ms]
2025-05-16 19:35:23.115 [info] > git show --textconv :sched/user/alloczero.c [18ms]
2025-05-16 19:35:23.116 [info] > git ls-files --stage -- sched/user/alloczero.c [2ms]
2025-05-16 19:35:23.148 [info] > git cat-file -s 979a3baf394684f1675fe21780230066a3dc43d8 [17ms]
2025-05-16 19:35:24.733 [info] > git show --textconv :sched/user/buggyhello2.c [20ms]
2025-05-16 19:35:24.734 [info] > git ls-files --stage -- sched/user/buggyhello2.c [2ms]
2025-05-16 19:35:24.766 [info] > git cat-file -s bd758b94cc08c48003a6f63c16a3b756ccc226de [17ms]
2025-05-16 19:35:25.382 [info] > git check-ignore -v -z --stdin [2ms]
2025-05-16 19:35:27.046 [info] > git check-ignore -v -z --stdin [18ms]
2025-05-16 19:35:27.156 [info] > git show --textconv :sched/user/faultwritekernel.c [18ms]
2025-05-16 19:35:27.158 [info] > git ls-files --stage -- sched/user/faultwritekernel.c [3ms]
2025-05-16 19:35:27.176 [info] > git cat-file -s da94375d90fef10408ef906265a0384a360c2c32 [2ms]
2025-05-16 19:35:28.137 [info] > git show --textconv :sched/user/forktree.c [20ms]
2025-05-16 19:35:28.138 [info] > git ls-files --stage -- sched/user/forktree.c [3ms]
2025-05-16 19:35:28.156 [info] > git cat-file -s b8ff06885777794758f269ee07da03b4a9d6d6b4 [2ms]
2025-05-16 19:35:28.837 [info] > git check-ignore -v -z --stdin [1ms]
2025-05-16 19:35:29.148 [info] > git show --textconv :sched/user/primes.c [19ms]
2025-05-16 19:35:29.150 [info] > git ls-files --stage -- sched/user/primes.c [3ms]
2025-05-16 19:35:29.185 [info] > git cat-file -s b65c3408a24bf18f1ba383a0b49240877dd160b8 [17ms]
2025-05-16 19:35:29.884 [info] > git show --textconv :sched/user/pingpongs.c [21ms]
2025-05-16 19:35:29.886 [info] > git ls-files --stage -- sched/user/pingpongs.c [4ms]
2025-05-16 19:35:29.905 [info] > git cat-file -s 1026babe0c7742b40919c921450e7fe344d1d80d [2ms]
2025-05-16 19:35:30.718 [info] > git check-ignore -v -z --stdin [2ms]
2025-05-16 19:35:31.079 [info] > git show --textconv :sched/user/softint.c [18ms]
2025-05-16 19:35:31.080 [info] > git ls-files --stage -- sched/user/softint.c [2ms]
2025-05-16 19:35:31.113 [info] > git cat-file -s 85dd898e31c803f1a7e2af8309c51e58bc0667a9 [17ms]
2025-05-16 19:35:31.801 [info] > git check-ignore -v -z --stdin [1ms]
2025-05-16 19:35:32.444 [info] > git show --textconv :sched/user/stresssched.c [19ms]
2025-05-16 19:35:32.446 [info] > git ls-files --stage -- sched/user/stresssched.c [3ms]
2025-05-16 19:35:32.463 [info] > git cat-file -s e316d68f4bdf29cb39b57eafc228316e85b6f748 [2ms]
2025-05-16 19:35:33.071 [info] > git show --textconv :sched/user/user.ld [18ms]
2025-05-16 19:35:33.073 [info] > git ls-files --stage -- sched/user/user.ld [2ms]
2025-05-16 19:35:33.092 [info] > git cat-file -s 1902ae3bebd6f27218d57ef2747be4aaf9065db6 [1ms]
2025-05-16 19:35:34.101 [info] > git show --textconv :sched/user/yield.c [22ms]
2025-05-16 19:35:34.103 [info] > git ls-files --stage -- sched/user/yield.c [2ms]
2025-05-16 19:35:34.124 [info] > git cat-file -s 240adbd8054800c4439c48188f6f8124c461ecc8 [2ms]
2025-05-16 19:35:34.644 [info] > git check-ignore -v -z --stdin [1ms]
2025-05-16 19:35:35.677 [info] > git check-ignore -v -z --stdin [3ms]
2025-05-16 19:35:37.736 [info] > git blame --root --incremental 995381c7ed5f85b59d1f427ff8c6bde3bc14336a -- sched/user/yield.c [4ms]
