2025-05-17 02:44:42.868 [info] [main] Log level: Info
2025-05-17 02:44:42.868 [info] [main] Validating found git in: "git"
2025-05-17 02:44:42.868 [info] [main] Using git "2.49.0" from "git"
2025-05-17 02:44:42.868 [info] [Model][doInitialScan] Initial repository scan started
2025-05-17 02:44:42.868 [info] > git rev-parse --show-toplevel [17ms]
2025-05-17 02:44:42.868 [info] > git rev-parse --git-dir --git-common-dir [125ms]
2025-05-17 02:44:42.868 [info] [Model][openRepository] Opened repository (path): /home/fiuba/Documents/Proyectos/sisop_2025a_g57
2025-05-17 02:44:42.868 [info] [Model][openRepository] Opened repository (real path): /home/fiuba/Documents/Proyectos/sisop_2025a_g57
2025-05-17 02:44:43.078 [info] > git rev-parse --show-toplevel [184ms]
2025-05-17 02:44:43.079 [info] > git config --get commit.template [195ms]
2025-05-17 02:44:43.147 [info] > git rev-parse --show-toplevel [25ms]
2025-05-17 02:44:43.180 [info] > git rev-parse --show-toplevel [4ms]
2025-05-17 02:44:43.182 [info] [Model][doInitialScan] Initial repository scan completed - repositories (1), closed repositories (0), parent repositories (0), unsafe repositories (0)
2025-05-17 02:44:43.213 [info] > git show --textconv :sched/user/yield.c [18ms]
2025-05-17 02:44:43.213 [info] > git ls-files --stage -- sched/user/yield.c [4ms]
2025-05-17 02:44:43.226 [info] > git for-each-ref --format=%(refname)%00%(upstream:short)%00%(objectname)%00%(upstream:track)%00%(upstream:remotename)%00%(upstream:remoteref) refs/heads/sched_parte_3 refs/remotes/sched_parte_3 [82ms]
2025-05-17 02:44:43.263 [info] > git cat-file -s 240adbd8054800c4439c48188f6f8124c461ecc8 [38ms]
2025-05-17 02:44:43.901 [info] > git check-ignore -v -z --stdin [152ms]
2025-05-17 02:44:43.902 [info] > git status -z -uall [19ms]
2025-05-17 02:44:44.071 [info] > git for-each-ref --sort -committerdate --format %(refname)%00%(objectname)%00%(*objectname) [174ms]
2025-05-17 02:44:44.095 [info] > git fetch [1232ms]
2025-05-17 02:44:44.095 [info] From https://github.com/fiubatps/sisop_2025a_g57
   e9310f6..e1ff739  sched_parte_2 -> origin/sched_parte_2
2025-05-17 02:44:44.128 [info] > git for-each-ref --format=%(refname)%00%(upstream:short)%00%(objectname)%00%(upstream:track)%00%(upstream:remotename)%00%(upstream:remoteref) refs/heads/sched_parte_3 refs/remotes/sched_parte_3 [36ms]
2025-05-17 02:44:44.159 [info] > git config --get --local branch.sched_parte_3.vscode-merge-base [18ms]
2025-05-17 02:44:44.174 [info] > git config --get commit.template [49ms]
2025-05-17 02:44:44.174 [info] > git config --get commit.template [62ms]
2025-05-17 02:44:44.183 [info] > git for-each-ref --format=%(refname)%00%(upstream:short)%00%(objectname)%00%(upstream:track)%00%(upstream:remotename)%00%(upstream:remoteref) refs/heads/origin/base_sched refs/remotes/origin/base_sched [10ms]
2025-05-17 02:44:44.249 [info] > git merge-base refs/heads/sched_parte_3 refs/remotes/origin/sched_parte_3 [53ms]
2025-05-17 02:44:44.290 [info] > git diff --name-status -z --diff-filter=ADMR 995381c7ed5f85b59d1f427ff8c6bde3bc14336a...refs/remotes/origin/sched_parte_3 [26ms]
2025-05-17 02:44:44.290 [info] > git for-each-ref --format=%(refname)%00%(upstream:short)%00%(objectname)%00%(upstream:track)%00%(upstream:remotename)%00%(upstream:remoteref) refs/heads/sched_parte_3 refs/remotes/sched_parte_3 [50ms]
2025-05-17 02:44:44.290 [info] > git for-each-ref --format=%(refname)%00%(upstream:short)%00%(objectname)%00%(upstream:track)%00%(upstream:remotename)%00%(upstream:remoteref) refs/heads/sched_parte_3 refs/remotes/sched_parte_3 [65ms]
2025-05-17 02:44:44.322 [info] > git for-each-ref --sort -committerdate --format %(refname)%00%(objectname)%00%(*objectname) [3ms] (cancelled)
2025-05-17 02:44:44.337 [info] > git status -z -uall [31ms] (cancelled)
2025-05-17 02:44:44.353 [info] > git config --get commit.template [17ms]
2025-05-17 02:44:44.355 [info] > git blame --root --incremental 995381c7ed5f85b59d1f427ff8c6bde3bc14336a -- sched/user/yield.c [3ms]
2025-05-17 02:44:44.382 [info] > git for-each-ref --format=%(refname)%00%(upstream:short)%00%(objectname)%00%(upstream:track)%00%(upstream:remotename)%00%(upstream:remoteref) refs/heads/sched_parte_3 refs/remotes/sched_parte_3 [5ms]
2025-05-17 02:44:44.414 [info] > git status -z -uall [18ms]
2025-05-17 02:44:44.414 [info] > git for-each-ref --sort -committerdate --format %(refname)%00%(objectname)%00%(*objectname) [5ms]
2025-05-17 02:44:44.967 [info] > git check-ignore -v -z --stdin [18ms]
2025-05-17 02:44:45.265 [info] > git ls-files --stage -- sched/user/yield.c [1ms]
2025-05-17 02:44:45.280 [info] > git cat-file -s 240adbd8054800c4439c48188f6f8124c461ecc8 [2ms]
2025-05-17 02:44:45.296 [info] > git show --textconv :sched/user/yield.c [2ms]
2025-05-17 02:44:45.733 [info] > git check-ignore -v -z --stdin [1ms]
2025-05-17 02:44:46.937 [info] > git show --textconv :sched/lib/exit.c [15ms]
2025-05-17 02:44:46.939 [info] > git ls-files --stage -- sched/lib/exit.c [2ms]
2025-05-17 02:44:46.955 [info] > git cat-file -s d2a928ab8e428569f321b44c359b4977578cf2cb [2ms]
2025-05-17 02:44:47.589 [info] > git show --textconv :sched/lib/fork.c [16ms]
2025-05-17 02:44:47.591 [info] > git ls-files --stage -- sched/lib/fork.c [1ms]
2025-05-17 02:44:47.609 [info] > git cat-file -s 7c9cb85924d71e4a7e4329239ba5d31aeca90a34 [3ms]
2025-05-17 02:44:47.660 [info] > git blame --root --incremental 995381c7ed5f85b59d1f427ff8c6bde3bc14336a -- sched/lib/fork.c [17ms]
2025-05-17 02:44:49.696 [info] > git show --textconv :sched/lib/exit.c [19ms]
2025-05-17 02:44:49.698 [info] > git ls-files --stage -- sched/lib/exit.c [4ms]
2025-05-17 02:44:49.716 [info] > git cat-file -s d2a928ab8e428569f321b44c359b4977578cf2cb [2ms]
2025-05-17 02:44:50.566 [info] > git show --textconv :sched/lib/fork.c [21ms]
2025-05-17 02:44:50.570 [info] > git ls-files --stage -- sched/lib/fork.c [4ms]
2025-05-17 02:44:50.587 [info] > git cat-file -s 7c9cb85924d71e4a7e4329239ba5d31aeca90a34 [1ms]
2025-05-17 02:44:57.205 [info] > git check-ignore -v -z --stdin [1ms]
2025-05-17 02:44:59.425 [info] > git show --textconv :sched/kern/env.h [30ms]
2025-05-17 02:44:59.426 [info] > git ls-files --stage -- sched/kern/env.h [11ms]
2025-05-17 02:44:59.452 [info] > git cat-file -s 82e7d37781050298aac4b797cb7d31a40c963c13 [4ms]
2025-05-17 02:44:59.621 [info] > git show --textconv :sched/kern/env.c [17ms]
2025-05-17 02:44:59.622 [info] > git ls-files --stage -- sched/kern/env.c [1ms]
2025-05-17 02:44:59.641 [info] > git cat-file -s 69c3e61bb0f987aa270bfdc909c37c161cc89c34 [3ms]
2025-05-17 02:44:59.683 [info] > git blame --root --incremental 995381c7ed5f85b59d1f427ff8c6bde3bc14336a -- sched/kern/env.c [3ms]
2025-05-17 02:46:38.678 [info] > git show --textconv :sched/inc/env.h [21ms]
2025-05-17 02:46:38.681 [info] > git ls-files --stage -- sched/inc/env.h [7ms]
2025-05-17 02:46:38.699 [info] > git cat-file -s d9a63224ebf08170c9186e960ce4204295e6afec [1ms]
2025-05-17 02:46:38.738 [info] > git blame --root --incremental 995381c7ed5f85b59d1f427ff8c6bde3bc14336a -- sched/inc/env.h [18ms]
2025-05-17 02:46:39.056 [info] > git check-ignore -v -z --stdin [2ms]
2025-05-17 02:46:41.541 [info] > git show --textconv :sched/kern/env.c [18ms]
2025-05-17 02:46:41.542 [info] > git ls-files --stage -- sched/kern/env.c [2ms]
2025-05-17 02:46:41.561 [info] > git cat-file -s 69c3e61bb0f987aa270bfdc909c37c161cc89c34 [4ms]
2025-05-17 02:46:50.385 [info] > git show --textconv :sched/inc/env.h [16ms]
2025-05-17 02:46:50.386 [info] > git ls-files --stage -- sched/inc/env.h [1ms]
2025-05-17 02:46:50.403 [info] > git cat-file -s d9a63224ebf08170c9186e960ce4204295e6afec [1ms]
2025-05-17 02:47:00.606 [info] > git show --textconv :sched/inc/types.h [16ms]
2025-05-17 02:47:00.607 [info] > git ls-files --stage -- sched/inc/types.h [2ms]
2025-05-17 02:47:00.623 [info] > git cat-file -s 6c51cd35005bf109be30f3ae0b667c65c80a190b [2ms]
2025-05-17 02:47:00.646 [info] > git blame --root --incremental 995381c7ed5f85b59d1f427ff8c6bde3bc14336a -- sched/inc/types.h [3ms]
2025-05-17 02:47:09.153 [info] > git show --textconv :sched/inc/env.h [16ms]
2025-05-17 02:47:09.154 [info] > git ls-files --stage -- sched/inc/env.h [1ms]
2025-05-17 02:47:09.172 [info] > git cat-file -s d9a63224ebf08170c9186e960ce4204295e6afec [4ms]
2025-05-17 02:47:33.693 [info] > git config --get commit.template [17ms]
2025-05-17 02:47:33.693 [info] > git for-each-ref --format=%(refname)%00%(upstream:short)%00%(objectname)%00%(upstream:track)%00%(upstream:remotename)%00%(upstream:remoteref) refs/heads/sched_parte_3 refs/remotes/sched_parte_3 [1ms]
2025-05-17 02:47:33.729 [info] > git status -z -uall [17ms]
2025-05-17 02:47:33.729 [info] > git for-each-ref --sort -committerdate --format %(refname)%00%(objectname)%00%(*objectname) [2ms]
2025-05-17 02:47:37.306 [info] > git log --format=%H%n%aN%n%aE%n%at%n%ct%n%P%n%D%n%B -z --shortstat --diff-merges=first-parent -n50 --skip=0 --topo-order --decorate=full --stdin [13ms]
2025-05-17 02:47:40.066 [info] > git add -A -- sched/inc/env.h [3ms]
2025-05-17 02:47:40.100 [info] > git config --get commit.template [18ms]
2025-05-17 02:47:40.101 [info] > git for-each-ref --format=%(refname)%00%(upstream:short)%00%(objectname)%00%(upstream:track)%00%(upstream:remotename)%00%(upstream:remoteref) refs/heads/sched_parte_3 refs/remotes/sched_parte_3 [2ms]
2025-05-17 02:47:40.138 [info] > git status -z -uall [19ms]
2025-05-17 02:47:40.139 [info] > git for-each-ref --sort -committerdate --format %(refname)%00%(objectname)%00%(*objectname) [2ms]
2025-05-17 02:47:40.491 [info] > git show --textconv HEAD:sched/inc/env.h [16ms]
2025-05-17 02:47:40.492 [info] > git ls-tree -l HEAD -- sched/inc/env.h [2ms]
2025-05-17 02:47:41.181 [info] > git config --get commit.template [16ms]
2025-05-17 02:47:41.182 [info] > git for-each-ref --format=%(refname)%00%(upstream:short)%00%(objectname)%00%(upstream:track)%00%(upstream:remotename)%00%(upstream:remoteref) refs/heads/sched_parte_3 refs/remotes/sched_parte_3 [2ms]
2025-05-17 02:47:41.216 [info] > git status -z -uall [18ms]
2025-05-17 02:47:41.217 [info] > git for-each-ref --sort -committerdate --format %(refname)%00%(objectname)%00%(*objectname) [2ms]
2025-05-17 02:47:41.279 [info] > git ls-files --stage -- sched/inc/env.h [16ms]
2025-05-17 02:47:41.295 [info] > git ls-tree -l HEAD -- sched/inc/env.h [16ms]
2025-05-17 02:47:41.296 [info] > git cat-file -s 7b48f990abe12b50dd962ac16cc3b74bab339c2d [2ms]
2025-05-17 02:47:41.328 [info] > git show --textconv HEAD:sched/inc/env.h [16ms]
2025-05-17 02:47:41.330 [info] > git show --textconv :sched/inc/env.h [3ms]
2025-05-17 02:47:45.097 [info] > git fetch [756ms]
2025-05-17 02:47:45.127 [info] > git config --get commit.template [15ms]
2025-05-17 02:47:45.128 [info] > git for-each-ref --format=%(refname)%00%(upstream:short)%00%(objectname)%00%(upstream:track)%00%(upstream:remotename)%00%(upstream:remoteref) refs/heads/sched_parte_3 refs/remotes/sched_parte_3 [2ms]
2025-05-17 02:47:45.158 [info] > git status -z -uall [16ms]
2025-05-17 02:47:45.159 [info] > git for-each-ref --sort -committerdate --format %(refname)%00%(objectname)%00%(*objectname) [2ms]
2025-05-17 02:47:46.254 [info] > git config --get commit.template [17ms]
2025-05-17 02:47:46.255 [info] > git for-each-ref --format=%(refname)%00%(upstream:short)%00%(objectname)%00%(upstream:track)%00%(upstream:remotename)%00%(upstream:remoteref) refs/heads/sched_parte_3 refs/remotes/sched_parte_3 [1ms]
2025-05-17 02:47:46.285 [info] > git status -z -uall [15ms]
2025-05-17 02:47:46.286 [info] > git for-each-ref --sort -committerdate --format %(refname)%00%(objectname)%00%(*objectname) [2ms]
2025-05-17 02:47:46.322 [info] > git ls-files --stage -- sched/inc/env.h [16ms]
2025-05-17 02:47:46.341 [info] > git cat-file -s 7b48f990abe12b50dd962ac16cc3b74bab339c2d [2ms]
2025-05-17 02:47:46.341 [info] > git ls-tree -l HEAD -- sched/inc/env.h [20ms]
2025-05-17 02:47:46.397 [info] > git show --textconv :sched/inc/env.h [21ms]
2025-05-17 02:47:46.401 [info] > git show --textconv HEAD:sched/inc/env.h [5ms]
2025-05-17 02:48:08.105 [info] > git -c user.useConfigOnly=true commit --quiet --allow-empty-message --file - [33ms]
2025-05-17 02:48:08.121 [info] > git config --get commit.template [1ms]
2025-05-17 02:48:08.141 [info] > git config --get commit.template [2ms]
2025-05-17 02:48:08.160 [info] > git for-each-ref --format=%(refname)%00%(upstream:short)%00%(objectname)%00%(upstream:track)%00%(upstream:remotename)%00%(upstream:remoteref) refs/heads/sched_parte_3 refs/remotes/sched_parte_3 [2ms]
2025-05-17 02:48:08.195 [info] > git status -z -uall [18ms]
2025-05-17 02:48:08.196 [info] > git for-each-ref --sort -committerdate --format %(refname)%00%(objectname)%00%(*objectname) [3ms]
2025-05-17 02:48:08.243 [info] > git merge-base refs/heads/sched_parte_3 refs/remotes/origin/sched_parte_3 [3ms]
2025-05-17 02:48:08.261 [info] > git blame --root --incremental a655e443772822aaa0884837267fad47bed478a3 -- sched/inc/env.h [42ms]
2025-05-17 02:48:08.284 [info] > git diff --name-status -z --diff-filter=ADMR 995381c7ed5f85b59d1f427ff8c6bde3bc14336a...refs/remotes/origin/sched_parte_3 [23ms]
2025-05-17 02:48:08.308 [info] > git config --get commit.template [2ms]
2025-05-17 02:48:08.308 [info] > git log --format=%H%n%aN%n%aE%n%at%n%ct%n%P%n%D%n%B -z --shortstat --diff-merges=first-parent -n50 --skip=0 --topo-order --decorate=full --stdin [25ms]
2025-05-17 02:48:08.351 [info] > git for-each-ref --format=%(refname)%00%(upstream:short)%00%(objectname)%00%(upstream:track)%00%(upstream:remotename)%00%(upstream:remoteref) refs/heads/sched_parte_3 refs/remotes/sched_parte_3 [25ms]
2025-05-17 02:48:08.385 [info] > git status -z -uall [18ms]
2025-05-17 02:48:08.386 [info] > git for-each-ref --sort -committerdate --format %(refname)%00%(objectname)%00%(*objectname) [2ms]
2025-05-17 02:48:09.392 [info] > git ls-files --stage -- sched/inc/env.h [1ms]
2025-05-17 02:48:09.409 [info] > git cat-file -s 7b48f990abe12b50dd962ac16cc3b74bab339c2d [2ms]
2025-05-17 02:48:09.428 [info] > git show --textconv :sched/inc/env.h [2ms]
2025-05-17 02:48:10.033 [info] > git log --oneline --cherry sched_parte_3...sched_parte_3@{upstream} -- [2ms]
2025-05-17 02:48:10.893 [info] > git pull --tags origin sched_parte_3 [842ms]
2025-05-17 02:48:10.893 [info] From https://github.com/fiubatps/sisop_2025a_g57
 * branch            sched_parte_3 -> FETCH_HEAD
2025-05-17 02:48:11.823 [info] > git push origin sched_parte_3:sched_parte_3 [913ms]
2025-05-17 02:48:11.823 [info] To https://github.com/fiubatps/sisop_2025a_g57
   995381c..a655e44  sched_parte_3 -> sched_parte_3
2025-05-17 02:48:11.855 [info] > git config --get commit.template [16ms]
2025-05-17 02:48:11.856 [info] > git for-each-ref --format=%(refname)%00%(upstream:short)%00%(objectname)%00%(upstream:track)%00%(upstream:remotename)%00%(upstream:remoteref) refs/heads/sched_parte_3 refs/remotes/sched_parte_3 [2ms]
2025-05-17 02:48:11.891 [info] > git status -z -uall [19ms]
2025-05-17 02:48:11.892 [info] > git for-each-ref --sort -committerdate --format %(refname)%00%(objectname)%00%(*objectname) [2ms]
2025-05-17 02:48:11.919 [info] > git merge-base refs/heads/sched_parte_3 refs/remotes/origin/sched_parte_3 [3ms]
2025-05-17 02:48:11.956 [info] > git diff --name-status -z --diff-filter=ADMR a655e443772822aaa0884837267fad47bed478a3...refs/remotes/origin/sched_parte_3 [19ms]
2025-05-17 02:48:11.969 [info] > git log --format=%H%n%aN%n%aE%n%at%n%ct%n%P%n%D%n%B -z --shortstat --diff-merges=first-parent -n50 --skip=0 --topo-order --decorate=full --stdin [14ms]
2025-05-17 02:48:12.954 [info] > git config --get commit.template [14ms]
2025-05-17 02:48:12.955 [info] > git for-each-ref --format=%(refname)%00%(upstream:short)%00%(objectname)%00%(upstream:track)%00%(upstream:remotename)%00%(upstream:remoteref) refs/heads/sched_parte_3 refs/remotes/sched_parte_3 [1ms]
2025-05-17 02:48:12.984 [info] > git status -z -uall [15ms]
2025-05-17 02:48:12.986 [info] > git for-each-ref --sort -committerdate --format %(refname)%00%(objectname)%00%(*objectname) [2ms]
2025-05-17 02:48:13.044 [info] > git ls-files --stage -- sched/inc/env.h [1ms]
2025-05-17 02:48:13.060 [info] > git cat-file -s 7b48f990abe12b50dd962ac16cc3b74bab339c2d [1ms]
2025-05-17 02:48:13.079 [info] > git show --textconv :sched/inc/env.h [2ms]
2025-05-17 02:48:13.793 [info] > git show --textconv :sched/inc/error.h [17ms]
2025-05-17 02:48:13.794 [info] > git ls-files --stage -- sched/inc/error.h [2ms]
2025-05-17 02:48:13.826 [info] > git cat-file -s b67f68e42120db25d21b7766ea277b6a72916ae4 [18ms]
2025-05-17 02:48:14.135 [info] > git show --textconv :sched/inc/env.h [18ms]
2025-05-17 02:48:14.136 [info] > git ls-files --stage -- sched/inc/env.h [2ms]
2025-05-17 02:48:14.156 [info] > git cat-file -s 7b48f990abe12b50dd962ac16cc3b74bab339c2d [4ms]
2025-05-17 02:48:14.935 [info] > git show --textconv :sched/inc/stdarg.h [19ms]
2025-05-17 02:48:14.936 [info] > git ls-files --stage -- sched/inc/stdarg.h [2ms]
2025-05-17 02:48:14.954 [info] > git cat-file -s 868c3b31919390fa3b867461d097720693658785 [2ms]
2025-05-17 02:48:15.517 [info] > git show --textconv :sched/inc/memlayout.h [20ms]
2025-05-17 02:48:15.548 [info] > git ls-files --stage -- sched/inc/memlayout.h [33ms]
2025-05-17 02:48:15.603 [info] > git cat-file -s ce7b774d4c8e9b02d0a7f9b5ec7c1a3582a88266 [39ms]
2025-05-17 02:48:15.655 [info] > git blame --root --incremental a655e443772822aaa0884837267fad47bed478a3 -- sched/inc/memlayout.h [3ms]
2025-05-17 02:48:15.982 [info] > git show --textconv :sched/inc/error.h [17ms]
2025-05-17 02:48:15.983 [info] > git ls-files --stage -- sched/inc/error.h [2ms]
2025-05-17 02:48:16.000 [info] > git cat-file -s b67f68e42120db25d21b7766ea277b6a72916ae4 [2ms]
2025-05-17 02:48:16.307 [info] > git show --textconv :sched/inc/env.h [19ms]
2025-05-17 02:48:16.309 [info] > git ls-files --stage -- sched/inc/env.h [2ms]
2025-05-17 02:48:16.328 [info] > git cat-file -s 7b48f990abe12b50dd962ac16cc3b74bab339c2d [3ms]
2025-05-17 02:48:20.529 [info] > git show --textconv :sched/inc/string.h [30ms]
2025-05-17 02:48:20.531 [info] > git ls-files --stage -- sched/inc/string.h [4ms]
2025-05-17 02:48:20.548 [info] > git cat-file -s ef56b7c46113f1c50595096c43d02ddf7528a2be [2ms]
2025-05-17 02:48:21.331 [info] > git show --textconv :sched/inc/syscall.h [20ms]
2025-05-17 02:48:21.332 [info] > git ls-files --stage -- sched/inc/syscall.h [2ms]
2025-05-17 02:48:21.353 [info] > git cat-file -s 71b3512767063dc204e62c57a0bb7594b1395979 [5ms]
2025-05-17 02:48:21.387 [info] > git blame --root --incremental a655e443772822aaa0884837267fad47bed478a3 -- sched/inc/syscall.h [2ms]
2025-05-17 02:48:27.824 [info] > git show --textconv :sched/kern/env.c [19ms]
2025-05-17 02:48:27.828 [info] > git ls-files --stage -- sched/kern/env.c [4ms]
2025-05-17 02:48:27.849 [info] > git cat-file -s 69c3e61bb0f987aa270bfdc909c37c161cc89c34 [4ms]
2025-05-17 02:48:27.935 [info] > git blame --root --incremental a655e443772822aaa0884837267fad47bed478a3 -- sched/kern/env.c [3ms]
2025-05-17 02:48:36.310 [info] > git check-ignore -v -z --stdin [1ms]
2025-05-17 02:48:37.486 [info] > git show --textconv :sched/lib/fork.c [21ms]
2025-05-17 02:48:37.489 [info] > git ls-files --stage -- sched/lib/fork.c [4ms]
2025-05-17 02:48:37.509 [info] > git cat-file -s 7c9cb85924d71e4a7e4329239ba5d31aeca90a34 [3ms]
2025-05-17 02:48:37.599 [info] > git blame --root --incremental a655e443772822aaa0884837267fad47bed478a3 -- sched/lib/fork.c [6ms]
2025-05-17 02:48:51.346 [info] > git show --textconv :sched/lib/syscall.c [17ms]
2025-05-17 02:48:51.347 [info] > git ls-files --stage -- sched/lib/syscall.c [2ms]
2025-05-17 02:48:51.364 [info] > git cat-file -s 256ba983b1996d0953fab6c9e6b071b69313fca9 [1ms]
2025-05-17 02:50:08.414 [info] > git show --textconv :sched/inc/lib.h [17ms]
2025-05-17 02:50:08.416 [info] > git ls-files --stage -- sched/inc/lib.h [3ms]
2025-05-17 02:50:08.432 [info] > git cat-file -s e7e83dc927fa9f8179201345da96bd43ae0e0e03 [1ms]
2025-05-17 02:50:08.454 [info] > git blame --root --incremental a655e443772822aaa0884837267fad47bed478a3 -- sched/inc/lib.h [2ms]
2025-05-17 02:50:17.574 [info] > git show --textconv :sched/lib/fork.c [16ms]
2025-05-17 02:50:17.575 [info] > git ls-files --stage -- sched/lib/fork.c [2ms]
2025-05-17 02:50:17.592 [info] > git cat-file -s 7c9cb85924d71e4a7e4329239ba5d31aeca90a34 [1ms]
2025-05-17 02:50:45.487 [info] > git show --textconv :sched/inc/lib.h [18ms]
2025-05-17 02:50:45.488 [info] > git ls-files --stage -- sched/inc/lib.h [2ms]
2025-05-17 02:50:45.508 [info] > git cat-file -s e7e83dc927fa9f8179201345da96bd43ae0e0e03 [3ms]
2025-05-17 02:50:45.950 [info] > git fetch [771ms]
2025-05-17 02:50:45.968 [info] > git config --get commit.template [2ms]
2025-05-17 02:50:45.984 [info] > git for-each-ref --format=%(refname)%00%(upstream:short)%00%(objectname)%00%(upstream:track)%00%(upstream:remotename)%00%(upstream:remoteref) refs/heads/sched_parte_3 refs/remotes/sched_parte_3 [1ms]
2025-05-17 02:50:46.018 [info] > git status -z -uall [17ms]
2025-05-17 02:50:46.019 [info] > git for-each-ref --sort -committerdate --format %(refname)%00%(objectname)%00%(*objectname) [2ms]
2025-05-17 02:50:47.056 [info] > git config --get commit.template [16ms]
2025-05-17 02:50:47.057 [info] > git for-each-ref --format=%(refname)%00%(upstream:short)%00%(objectname)%00%(upstream:track)%00%(upstream:remotename)%00%(upstream:remoteref) refs/heads/sched_parte_3 refs/remotes/sched_parte_3 [2ms]
2025-05-17 02:50:47.087 [info] > git status -z -uall [15ms]
2025-05-17 02:50:47.088 [info] > git for-each-ref --sort -committerdate --format %(refname)%00%(objectname)%00%(*objectname) [2ms]
2025-05-17 02:50:47.146 [info] > git ls-files --stage -- sched/inc/lib.h [1ms]
2025-05-17 02:50:47.163 [info] > git cat-file -s e7e83dc927fa9f8179201345da96bd43ae0e0e03 [2ms]
2025-05-17 02:50:47.181 [info] > git show --textconv :sched/inc/lib.h [3ms]
2025-05-17 02:51:03.029 [info] > git show --textconv :sched/inc/trap.h [16ms]
2025-05-17 02:51:03.031 [info] > git ls-files --stage -- sched/inc/trap.h [2ms]
2025-05-17 02:51:03.048 [info] > git cat-file -s 1bac7abf3bd5fd432c58b33c55858f5d18535ef0 [2ms]
2025-05-17 02:51:03.074 [info] > git blame --root --incremental a655e443772822aaa0884837267fad47bed478a3 -- sched/inc/trap.h [2ms]
2025-05-17 02:51:04.716 [info] > git show --textconv :sched/inc/lib.h [20ms]
2025-05-17 02:51:04.717 [info] > git ls-files --stage -- sched/inc/lib.h [2ms]
2025-05-17 02:51:04.738 [info] > git cat-file -s e7e83dc927fa9f8179201345da96bd43ae0e0e03 [4ms]
2025-05-17 02:51:05.811 [info] > git show --textconv :sched/inc/syscall.h [19ms]
2025-05-17 02:51:05.812 [info] > git ls-files --stage -- sched/inc/syscall.h [1ms]
2025-05-17 02:51:05.829 [info] > git cat-file -s 71b3512767063dc204e62c57a0bb7594b1395979 [1ms]
2025-05-17 02:51:06.467 [info] > git show --textconv :sched/inc/lib.h [18ms]
2025-05-17 02:51:06.468 [info] > git ls-files --stage -- sched/inc/lib.h [2ms]
2025-05-17 02:51:06.498 [info] > git cat-file -s e7e83dc927fa9f8179201345da96bd43ae0e0e03 [15ms]
2025-05-17 02:51:07.297 [info] > git show --textconv :sched/inc/syscall.h [18ms]
2025-05-17 02:51:07.298 [info] > git ls-files --stage -- sched/inc/syscall.h [1ms]
2025-05-17 02:51:07.321 [info] > git cat-file -s 71b3512767063dc204e62c57a0bb7594b1395979 [5ms]
2025-05-17 02:51:09.650 [info] > git show --textconv :sched/inc/lib.h [18ms]
2025-05-17 02:51:09.651 [info] > git ls-files --stage -- sched/inc/lib.h [2ms]
2025-05-17 02:51:09.670 [info] > git cat-file -s e7e83dc927fa9f8179201345da96bd43ae0e0e03 [4ms]
2025-05-17 02:51:12.341 [info] > git show --textconv :sched/lib/fork.c [16ms]
2025-05-17 02:51:12.342 [info] > git ls-files --stage -- sched/lib/fork.c [2ms]
2025-05-17 02:51:12.360 [info] > git cat-file -s 7c9cb85924d71e4a7e4329239ba5d31aeca90a34 [3ms]
2025-05-17 02:52:05.761 [info] > git log --format=%H%n%aN%n%aE%n%at%n%ct%n%P%n%D%n%B -z --shortstat --diff-merges=first-parent -n50 --skip=0 --topo-order --decorate=full --stdin [13ms]
2025-05-17 02:56:22.709 [info] > git fetch [777ms]
2025-05-17 02:56:22.727 [info] > git config --get commit.template [1ms]
2025-05-17 02:56:22.746 [info] > git for-each-ref --format=%(refname)%00%(upstream:short)%00%(objectname)%00%(upstream:track)%00%(upstream:remotename)%00%(upstream:remoteref) refs/heads/sched_parte_3 refs/remotes/sched_parte_3 [1ms]
2025-05-17 02:56:22.781 [info] > git status -z -uall [18ms]
2025-05-17 02:56:22.782 [info] > git for-each-ref --sort -committerdate --format %(refname)%00%(objectname)%00%(*objectname) [1ms]
2025-05-17 02:56:23.904 [info] > git ls-files --stage -- sched/lib/fork.c [1ms]
2025-05-17 02:56:23.922 [info] > git cat-file -s 7c9cb85924d71e4a7e4329239ba5d31aeca90a34 [1ms]
2025-05-17 02:56:23.944 [info] > git show --textconv :sched/lib/fork.c [2ms]
2025-05-17 02:59:31.066 [info] > git fetch [746ms]
2025-05-17 02:59:31.083 [info] > git config --get commit.template [1ms]
2025-05-17 02:59:31.100 [info] > git for-each-ref --format=%(refname)%00%(upstream:short)%00%(objectname)%00%(upstream:track)%00%(upstream:remotename)%00%(upstream:remoteref) refs/heads/sched_parte_3 refs/remotes/sched_parte_3 [2ms]
2025-05-17 02:59:31.129 [info] > git status -z -uall [15ms]
2025-05-17 02:59:31.131 [info] > git for-each-ref --sort -committerdate --format %(refname)%00%(objectname)%00%(*objectname) [2ms]
2025-05-17 02:59:54.263 [info] > git ls-files --stage -- sched/lib/fork.c [1ms]
2025-05-17 02:59:54.279 [info] > git config --get commit.template [43ms]
2025-05-17 02:59:54.297 [info] > git cat-file -s 7c9cb85924d71e4a7e4329239ba5d31aeca90a34 [18ms]
2025-05-17 02:59:54.298 [info] > git for-each-ref --format=%(refname)%00%(upstream:short)%00%(objectname)%00%(upstream:track)%00%(upstream:remotename)%00%(upstream:remoteref) refs/heads/sched_parte_3 refs/remotes/sched_parte_3 [2ms]
2025-05-17 02:59:54.349 [info] > git show --textconv :sched/lib/fork.c [34ms]
2025-05-17 02:59:54.350 [info] > git status -z -uall [17ms]
2025-05-17 02:59:54.351 [info] > git for-each-ref --sort -committerdate --format %(refname)%00%(objectname)%00%(*objectname) [2ms]
2025-05-17 03:02:23.693 [info] > git show --textconv :sched/kern/env.c [29ms]
2025-05-17 03:02:23.693 [info] > git ls-files --stage -- sched/kern/env.c [2ms]
2025-05-17 03:02:23.714 [info] > git cat-file -s 69c3e61bb0f987aa270bfdc909c37c161cc89c34 [5ms]
2025-05-17 03:02:31.891 [info] > git fetch [736ms]
2025-05-17 03:02:31.921 [info] > git config --get commit.template [15ms]
2025-05-17 03:02:31.922 [info] > git for-each-ref --format=%(refname)%00%(upstream:short)%00%(objectname)%00%(upstream:track)%00%(upstream:remotename)%00%(upstream:remoteref) refs/heads/sched_parte_3 refs/remotes/sched_parte_3 [2ms]
2025-05-17 03:02:31.954 [info] > git status -z -uall [16ms]
2025-05-17 03:02:31.955 [info] > git for-each-ref --sort -committerdate --format %(refname)%00%(objectname)%00%(*objectname) [2ms]
2025-05-17 03:02:32.994 [info] > git config --get commit.template [16ms]
2025-05-17 03:02:32.995 [info] > git for-each-ref --format=%(refname)%00%(upstream:short)%00%(objectname)%00%(upstream:track)%00%(upstream:remotename)%00%(upstream:remoteref) refs/heads/sched_parte_3 refs/remotes/sched_parte_3 [1ms]
2025-05-17 03:02:33.025 [info] > git status -z -uall [16ms]
2025-05-17 03:02:33.026 [info] > git for-each-ref --sort -committerdate --format %(refname)%00%(objectname)%00%(*objectname) [2ms]
2025-05-17 03:02:33.085 [info] > git ls-files --stage -- sched/kern/env.c [2ms]
2025-05-17 03:02:33.100 [info] > git cat-file -s 69c3e61bb0f987aa270bfdc909c37c161cc89c34 [1ms]
2025-05-17 03:02:33.117 [info] > git show --textconv :sched/kern/env.c [2ms]
2025-05-17 03:29:22.720 [info] > git fetch [752ms]
2025-05-17 03:29:22.751 [info] > git config --get commit.template [17ms]
2025-05-17 03:29:22.752 [info] > git for-each-ref --format=%(refname)%00%(upstream:short)%00%(objectname)%00%(upstream:track)%00%(upstream:remotename)%00%(upstream:remoteref) refs/heads/sched_parte_3 refs/remotes/sched_parte_3 [2ms]
2025-05-17 03:29:22.784 [info] > git status -z -uall [16ms]
2025-05-17 03:29:22.785 [info] > git for-each-ref --sort -committerdate --format %(refname)%00%(objectname)%00%(*objectname) [2ms]
2025-05-17 03:29:23.827 [info] > git for-each-ref --format=%(refname)%00%(upstream:short)%00%(objectname)%00%(upstream:track)%00%(upstream:remotename)%00%(upstream:remoteref) refs/heads/sched_parte_3 refs/remotes/sched_parte_3 [3ms]
2025-05-17 03:29:23.828 [info] > git config --get commit.template [19ms]
2025-05-17 03:29:23.868 [info] > git status -z -uall [16ms]
2025-05-17 03:29:23.869 [info] > git for-each-ref --sort -committerdate --format %(refname)%00%(objectname)%00%(*objectname) [2ms]
2025-05-17 03:29:23.910 [info] > git ls-files --stage -- sched/kern/env.c [2ms]
2025-05-17 03:29:23.926 [info] > git cat-file -s 69c3e61bb0f987aa270bfdc909c37c161cc89c34 [2ms]
2025-05-17 03:29:23.944 [info] > git show --textconv :sched/kern/env.c [2ms]
2025-05-17 03:30:13.221 [info] > git log --format=%H%n%aN%n%aE%n%at%n%ct%n%P%n%D%n%B -z --shortstat --diff-merges=first-parent -n50 --skip=0 --topo-order --decorate=full --stdin [14ms]
2025-05-17 03:30:25.389 [info] > git show --textconv :sched/inc/stab.h [22ms]
2025-05-17 03:30:25.393 [info] > git ls-files --stage -- sched/inc/stab.h [4ms]
2025-05-17 03:30:25.452 [info] > git cat-file -s 3be4fa6c8f977c213cea2e56506c96a2c80b6605 [43ms]
2025-05-17 03:30:27.232 [info] > git blame --root --incremental a655e443772822aaa0884837267fad47bed478a3 -- sched/inc/stab.h [19ms]
2025-05-17 03:32:23.547 [info] > git fetch [740ms]
2025-05-17 03:32:23.582 [info] > git config --get commit.template [17ms]
2025-05-17 03:32:23.583 [info] > git for-each-ref --format=%(refname)%00%(upstream:short)%00%(objectname)%00%(upstream:track)%00%(upstream:remotename)%00%(upstream:remoteref) refs/heads/sched_parte_3 refs/remotes/sched_parte_3 [2ms]
2025-05-17 03:32:23.618 [info] > git status -z -uall [18ms]
2025-05-17 03:32:23.620 [info] > git for-each-ref --sort -committerdate --format %(refname)%00%(objectname)%00%(*objectname) [2ms]
2025-05-17 03:32:37.064 [info] > git rev-parse --show-toplevel [64ms]
2025-05-17 03:32:37.159 [info] > git rev-parse --show-toplevel [8ms]
2025-05-17 03:32:48.395 [info] > git rev-parse --show-toplevel [1ms]
2025-05-17 03:32:48.412 [info] > git rev-parse --git-dir --git-common-dir [1ms]
2025-05-17 03:32:48.441 [info] [Model][openRepository] Opened repository (path): /home/fiuba/.config
2025-05-17 03:32:48.441 [info] [Model][openRepository] Opened repository (real path): /home/fiuba/.config
2025-05-17 03:32:48.476 [info] > git config --get commit.template [5ms]
2025-05-17 03:32:48.495 [info] > git for-each-ref --format=%(refname)%00%(upstream:short)%00%(objectname)%00%(upstream:track)%00%(upstream:remotename)%00%(upstream:remoteref) refs/heads/master refs/remotes/master [2ms]
2025-05-17 03:32:48.529 [info] > git for-each-ref --sort -committerdate --format %(refname)%00%(objectname)%00%(*objectname) [2ms]
2025-05-17 03:32:48.764 [info] > git show --textconv :Code/User/sync/settings/preview/settings.json [17ms]
2025-05-17 03:32:48.780 [info] > git ls-files --stage -- Code/User/sync/settings/preview/settings.json [17ms]
2025-05-17 03:32:48.797 [info] > git hash-object -t tree /dev/null [1ms]
2025-05-17 03:32:48.797 [warning] [GitFileSystemProvider][stat] File not found - git:/home/fiuba/.config/Code/User/sync/settings/preview/settings.json.git?%7B%22path%22%3A%22%2Fhome%2Ffiuba%2F.config%2FCode%2FUser%2Fsync%2Fsettings%2Fpreview%2Fsettings.json%22%2C%22ref%22%3A%22%22%7D
2025-05-17 03:32:48.802 [info] > git hash-object -t tree /dev/null [23ms]
2025-05-17 03:32:48.802 [warning] [GitFileSystemProvider][readFile] File not found - git:/home/fiuba/.config/Code/User/sync/settings/preview/settings.json.git?%7B%22path%22%3A%22%2Fhome%2Ffiuba%2F.config%2FCode%2FUser%2Fsync%2Fsettings%2Fpreview%2Fsettings.json%22%2C%22ref%22%3A%22%22%7D
2025-05-17 03:32:49.008 [info] > git check-ignore -v -z --stdin [17ms]
2025-05-17 03:32:49.011 [info] > git check-ignore -v -z --stdin [5ms]
2025-05-17 03:32:49.222 [info] > git fetch [781ms]
2025-05-17 03:32:49.269 [info] > git status -z -uall [757ms] (cancelled)
2025-05-17 03:32:49.270 [info] > git for-each-ref --format=%(refname)%00%(upstream:short)%00%(objectname)%00%(upstream:track)%00%(upstream:remotename)%00%(upstream:remoteref) refs/heads/master refs/remotes/master [33ms]
2025-05-17 03:32:49.287 [info] > git config --get commit.template [18ms]
2025-05-17 03:32:49.287 [info] > git config --get commit.template [33ms]
2025-05-17 03:32:49.288 [info] > git config --get --local branch.master.vscode-merge-base [3ms]
2025-05-17 03:32:49.288 [warning] [Git][config] git config failed: Failed to execute git
2025-05-17 03:32:49.335 [info] > git for-each-ref --format=%(refname)%00%(upstream:short)%00%(objectname)%00%(upstream:track)%00%(upstream:remotename)%00%(upstream:remoteref) refs/heads/master refs/remotes/master [16ms]
2025-05-17 03:32:49.335 [info] > git reflog master --grep-reflog=branch: Created from *. [32ms]
2025-05-17 03:32:49.372 [info] > git symbolic-ref --short refs/remotes/origin/HEAD [22ms]
2025-05-17 03:32:49.388 [info] > git for-each-ref --format=%(refname)%00%(upstream:short)%00%(objectname)%00%(upstream:track)%00%(upstream:remotename)%00%(upstream:remoteref) refs/heads/master refs/remotes/master [54ms]
2025-05-17 03:32:49.407 [info] > git for-each-ref --format=%(refname)%00%(upstream:short)%00%(objectname)%00%(upstream:track)%00%(upstream:remotename)%00%(upstream:remoteref) refs/heads/origin/master refs/remotes/origin/master [19ms]
2025-05-17 03:32:49.458 [info] > git for-each-ref --format=%(refname)%00%(upstream:short)%00%(objectname)%00%(upstream:track)%00%(upstream:remotename)%00%(upstream:remoteref) refs/heads/master refs/remotes/master [53ms]
2025-05-17 03:32:49.476 [info] > git for-each-ref --sort -committerdate --format %(refname)%00%(objectname)%00%(*objectname) [18ms]
2025-05-17 03:32:49.477 [info] > git config --add --local branch.master.vscode-merge-base origin/master [53ms]
2025-05-17 03:32:49.511 [info] > git status -z -uall [70ms] (cancelled)
2025-05-17 03:32:49.511 [info] > git for-each-ref --format=%(refname)%00%(upstream:short)%00%(objectname)%00%(upstream:track)%00%(upstream:remotename)%00%(upstream:remoteref) refs/heads/master refs/remotes/master [18ms]
2025-05-17 03:32:49.528 [info] > git config --get --local branch.master.vscode-merge-base [54ms]
2025-05-17 03:32:49.549 [info] > git config --get --local branch.master.vscode-merge-base [21ms]
2025-05-17 03:32:49.566 [info] > git config --get commit.template [55ms]
2025-05-17 03:32:49.568 [info] > git for-each-ref --format=%(refname)%00%(upstream:short)%00%(objectname)%00%(upstream:track)%00%(upstream:remotename)%00%(upstream:remoteref) refs/heads/origin/master refs/remotes/origin/master [2ms]
2025-05-17 03:32:49.585 [info] > git for-each-ref --format=%(refname)%00%(upstream:short)%00%(objectname)%00%(upstream:track)%00%(upstream:remotename)%00%(upstream:remoteref) refs/heads/origin/master refs/remotes/origin/master [40ms]
2025-05-17 03:32:49.622 [info] > git merge-base refs/heads/master refs/remotes/origin/master [37ms]
2025-05-17 03:32:49.642 [info] > git for-each-ref --format=%(refname)%00%(upstream:short)%00%(objectname)%00%(upstream:track)%00%(upstream:remotename)%00%(upstream:remoteref) refs/heads/master refs/remotes/master [20ms]
2025-05-17 03:32:49.642 [info] > git merge-base refs/heads/master refs/remotes/origin/master [39ms]
2025-05-17 03:32:49.660 [info] > git diff --name-status -z --diff-filter=ADMR c6be881d22a0d457c7f8809d84b58210b259dcb6...refs/remotes/origin/master [20ms]
2025-05-17 03:32:49.662 [info] > git diff --name-status -z --diff-filter=ADMR c6be881d22a0d457c7f8809d84b58210b259dcb6...refs/remotes/origin/master [3ms]
2025-05-17 03:32:49.697 [info] > git for-each-ref --sort -committerdate --format %(refname)%00%(objectname)%00%(*objectname) [1ms]
2025-05-17 03:32:50.859 [info] > git status -z -uall [1180ms]
2025-05-17 03:32:50.887 [info] > git config --get commit.template [4ms]
2025-05-17 03:32:50.906 [info] > git for-each-ref --format=%(refname)%00%(upstream:short)%00%(objectname)%00%(upstream:track)%00%(upstream:remotename)%00%(upstream:remoteref) refs/heads/master refs/remotes/master [2ms]
2025-05-17 03:32:50.942 [info] > git for-each-ref --sort -committerdate --format %(refname)%00%(objectname)%00%(*objectname) [2ms]
2025-05-17 03:32:51.547 [info] > git log --format=%H%n%aN%n%aE%n%at%n%ct%n%P%n%D%n%B -z --shortstat --diff-merges=first-parent -n50 --skip=0 --topo-order --decorate=full --stdin [15ms]
2025-05-17 03:32:52.123 [info] > git status -z -uall [1201ms]
2025-05-17 03:32:52.352 [info] > git check-ignore -v -z --stdin [30ms]
2025-05-17 03:32:52.352 [info] > git check-ignore -v -z --stdin [14ms]
2025-05-17 03:32:53.670 [info] > git config --get commit.template [16ms]
2025-05-17 03:32:53.671 [info] > git for-each-ref --format=%(refname)%00%(upstream:short)%00%(objectname)%00%(upstream:track)%00%(upstream:remotename)%00%(upstream:remoteref) refs/heads/master refs/remotes/master [1ms]
2025-05-17 03:32:53.705 [info] > git for-each-ref --sort -committerdate --format %(refname)%00%(objectname)%00%(*objectname) [2ms]
2025-05-17 03:32:54.865 [info] > git status -z -uall [1177ms]
2025-05-17 03:32:55.582 [info] > git check-ignore -v -z --stdin [5ms]
2025-05-17 03:32:58.277 [info] > git check-ignore -v -z --stdin [23ms]
2025-05-17 03:32:59.909 [info] > git config --get commit.template [18ms]
2025-05-17 03:32:59.910 [info] > git for-each-ref --format=%(refname)%00%(upstream:short)%00%(objectname)%00%(upstream:track)%00%(upstream:remotename)%00%(upstream:remoteref) refs/heads/master refs/remotes/master [2ms]
2025-05-17 03:32:59.945 [info] > git for-each-ref --sort -committerdate --format %(refname)%00%(objectname)%00%(*objectname) [2ms]
2025-05-17 03:33:00.653 [info] > git log --format=%H%n%aN%n%aE%n%at%n%ct%n%P%n%D%n%B -z --shortstat --diff-merges=first-parent -n50 --skip=0 --topo-order --decorate=full --stdin [240ms]
2025-05-17 03:33:01.120 [info] > git status -z -uall [1195ms]
2025-05-17 03:33:06.160 [info] > git config --get commit.template [19ms]
2025-05-17 03:33:06.163 [info] > git for-each-ref --format=%(refname)%00%(upstream:short)%00%(objectname)%00%(upstream:track)%00%(upstream:remotename)%00%(upstream:remoteref) refs/heads/master refs/remotes/master [4ms]
2025-05-17 03:33:06.211 [info] > git for-each-ref --sort -committerdate --format %(refname)%00%(objectname)%00%(*objectname) [9ms]
2025-05-17 03:33:06.684 [info] > git check-ignore -v -z --stdin [5ms]
2025-05-17 03:33:07.407 [info] > git status -z -uall [1223ms]
