2025-05-17 01:48:09.414 [info] [main] Log level: Info
2025-05-17 01:48:09.414 [info] [main] Validating found git in: "git"
2025-05-17 01:48:09.414 [info] [main] Using git "2.49.0" from "git"
2025-05-17 01:48:09.414 [info] [Model][doInitialScan] Initial repository scan started
2025-05-17 01:48:09.414 [info] > git rev-parse --show-toplevel [7ms]
2025-05-17 01:48:09.414 [info] > git rev-parse --git-dir --git-common-dir [3ms]
2025-05-17 01:48:09.428 [info] [Model][openRepository] Opened repository (path): /home/fiuba/Documents/Proyectos/25C1-GrupoX
2025-05-17 01:48:09.428 [info] [Model][openRepository] Opened repository (real path): /home/fiuba/Documents/Proyectos/25C1-GrupoX
2025-05-17 01:48:09.460 [info] > git rev-parse --show-toplevel [10ms]
2025-05-17 01:48:09.461 [info] > git config --get commit.template [19ms]
2025-05-17 01:48:09.597 [info] > git rev-parse --show-toplevel [126ms]
2025-05-17 01:48:09.610 [info] > git rev-parse --show-toplevel [2ms]
2025-05-17 01:48:09.623 [info] > git rev-parse --show-toplevel [5ms]
2025-05-17 01:48:09.628 [info] [Model][doInitialScan] Initial repository scan completed - repositories (1), closed repositories (0), parent repositories (0), unsafe repositories (0)
2025-05-17 01:48:10.084 [info] > git check-ignore -v -z --stdin [146ms]
2025-05-17 01:48:10.085 [info] > git ls-files --stage -- src/pubsub/channel_manager.rs [272ms]
2025-05-17 01:48:10.212 [info] > git for-each-ref --format=%(refname)%00%(upstream:short)%00%(objectname)%00%(upstream:track)%00%(upstream:remotename)%00%(upstream:remoteref) refs/heads/dev refs/remotes/dev [737ms]
2025-05-17 01:48:10.273 [info] > git cat-file -s 20f2313bf6c1fd9905d3d4a6582ef44dc4bfab19 [183ms]
2025-05-17 01:48:10.296 [info] > git show --textconv :src/pubsub/channel_manager.rs [488ms]
2025-05-17 01:48:14.779 [info] > git status -z -uall [4560ms]
2025-05-17 01:48:14.781 [info] > git for-each-ref --sort -committerdate --format %(refname)%00%(objectname)%00%(*objectname) [4554ms]
2025-05-17 01:48:15.388 [info] > git for-each-ref --format=%(refname)%00%(upstream:short)%00%(objectname)%00%(upstream:track)%00%(upstream:remotename)%00%(upstream:remoteref) refs/heads/dev refs/remotes/dev [558ms]
2025-05-17 01:48:16.194 [info] > git config --get --local branch.dev.vscode-merge-base [790ms]
2025-05-17 01:48:16.208 [info] > git config --get commit.template [861ms]
2025-05-17 01:48:16.216 [info] > git for-each-ref --format=%(refname)%00%(upstream:short)%00%(objectname)%00%(upstream:track)%00%(upstream:remotename)%00%(upstream:remoteref) refs/heads/origin/dev refs/remotes/origin/dev [9ms]
2025-05-17 01:48:16.512 [info] > git merge-base refs/heads/dev refs/remotes/origin/dev [283ms]
2025-05-17 01:48:16.534 [info] > git diff --name-status -z --diff-filter=ADMR e354eb539c0950951537659cd4d24a306defae75...refs/remotes/origin/dev [8ms]
2025-05-17 01:48:16.535 [info] > git for-each-ref --format=%(refname)%00%(upstream:short)%00%(objectname)%00%(upstream:track)%00%(upstream:remotename)%00%(upstream:remoteref) refs/heads/dev refs/remotes/dev [275ms]
2025-05-17 01:48:16.624 [info] > git status -z -uall [24ms]
2025-05-17 01:48:16.624 [info] > git for-each-ref --sort -committerdate --format %(refname)%00%(objectname)%00%(*objectname) [10ms]
2025-05-17 01:48:16.955 [info] > git config --get commit.template [46ms]
2025-05-17 01:48:17.406 [info] > git for-each-ref --format=%(refname)%00%(upstream:short)%00%(objectname)%00%(upstream:track)%00%(upstream:remotename)%00%(upstream:remoteref) refs/heads/dev refs/remotes/dev [35ms]
2025-05-17 01:48:17.461 [info] > git status -z -uall [24ms]
2025-05-17 01:48:17.462 [info] > git blame --root --incremental e354eb539c0950951537659cd4d24a306defae75 -- src/pubsub/channel_manager.rs [1303ms]
2025-05-17 01:48:17.492 [info] > git for-each-ref --sort -committerdate --format %(refname)%00%(objectname)%00%(*objectname) [37ms]
2025-05-17 01:57:29.136 [info] > git config --get commit.template [212ms]
2025-05-17 01:57:29.343 [info] > git for-each-ref --format=%(refname)%00%(upstream:short)%00%(objectname)%00%(upstream:track)%00%(upstream:remotename)%00%(upstream:remoteref) refs/heads/dev refs/remotes/dev [359ms]
2025-05-17 01:57:30.409 [info] > git for-each-ref --sort -committerdate --format %(refname)%00%(objectname)%00%(*objectname) [1015ms]
2025-05-17 01:57:30.581 [info] > git ls-files --stage -- src/pubsub/channel_manager.rs [1ms]
2025-05-17 01:57:30.642 [info] > git cat-file -s 20f2313bf6c1fd9905d3d4a6582ef44dc4bfab19 [45ms]
2025-05-17 01:57:30.702 [info] > git show --textconv :src/pubsub/channel_manager.rs [42ms]
2025-05-17 01:57:30.937 [info] > git status -z -uall [1562ms]
2025-05-17 01:57:31.778 [info] > git show --textconv :src/network/resp_message.rs [24ms]
2025-05-17 01:57:31.780 [info] > git ls-files --stage -- src/network/resp_message.rs [3ms]
2025-05-17 01:57:31.801 [info] > git cat-file -s 55ded2c0a0e1a04d83d1b67bb5972bb28395a853 [4ms]
2025-05-17 01:57:33.234 [info] > git show --textconv :src/network/client_output.rs [39ms]
2025-05-17 01:57:33.237 [info] > git ls-files --stage -- src/network/client_output.rs [6ms]
2025-05-17 01:57:33.272 [info] > git cat-file -s aac75bc1c971f897cec659471eb336b3c29360fc [8ms]
2025-05-17 01:57:34.050 [info] > git blame --root --incremental e354eb539c0950951537659cd4d24a306defae75 -- src/network/resp_message.rs [2054ms]
2025-05-17 01:57:36.394 [info] > git fetch [7491ms]
2025-05-17 01:57:36.394 [info] From https://github.com/taller-1-fiuba-rust/25C1-GrupoX
   e354eb5..cc351ba  dev        -> origin/dev
 * [new branch]      configs    -> origin/configs
   51af668..313fd1b  pubsub     -> origin/pubsub
2025-05-17 01:57:36.432 [info] > git config --get commit.template [20ms]
2025-05-17 01:57:36.433 [info] > git for-each-ref --format=%(refname)%00%(upstream:short)%00%(objectname)%00%(upstream:track)%00%(upstream:remotename)%00%(upstream:remoteref) refs/heads/dev refs/remotes/dev [2ms]
2025-05-17 01:57:36.472 [info] > git status -z -uall [20ms]
2025-05-17 01:57:36.475 [info] > git for-each-ref --sort -committerdate --format %(refname)%00%(objectname)%00%(*objectname) [4ms]
2025-05-17 01:57:36.524 [info] > git merge-base refs/heads/dev refs/remotes/origin/dev [24ms]
2025-05-17 01:57:36.547 [info] > git config --get commit.template [26ms]
2025-05-17 01:57:36.573 [info] > git for-each-ref --format=%(refname)%00%(upstream:short)%00%(objectname)%00%(upstream:track)%00%(upstream:remotename)%00%(upstream:remoteref) refs/heads/dev refs/remotes/dev [5ms]
2025-05-17 01:57:36.573 [info] > git diff --name-status -z --diff-filter=ADMR e354eb539c0950951537659cd4d24a306defae75...refs/remotes/origin/dev [29ms]
2025-05-17 01:57:36.630 [info] > git status -z -uall [18ms]
2025-05-17 01:57:36.632 [info] > git for-each-ref --sort -committerdate --format %(refname)%00%(objectname)%00%(*objectname) [2ms]
2025-05-17 01:57:37.669 [info] > git ls-files --stage -- src/network/client_output.rs [2ms]
2025-05-17 01:57:37.687 [info] > git cat-file -s aac75bc1c971f897cec659471eb336b3c29360fc [2ms]
2025-05-17 01:57:37.707 [info] > git show --textconv :src/network/client_output.rs [2ms]
2025-05-17 02:00:38.014 [info] > git ls-files --stage -- src/network/client_output.rs [2ms]
2025-05-17 02:00:38.119 [info] > git cat-file -s aac75bc1c971f897cec659471eb336b3c29360fc [74ms]
2025-05-17 02:00:38.187 [info] > git show --textconv :src/network/client_output.rs [46ms]
2025-05-17 02:00:38.448 [info] > git fetch [1873ms]
2025-05-17 02:00:38.482 [info] > git config --get commit.template [17ms]
2025-05-17 02:00:38.508 [info] > git for-each-ref --format=%(refname)%00%(upstream:short)%00%(objectname)%00%(upstream:track)%00%(upstream:remotename)%00%(upstream:remoteref) refs/heads/dev refs/remotes/dev [27ms]
2025-05-17 02:00:38.544 [info] > git for-each-ref --sort -committerdate --format %(refname)%00%(objectname)%00%(*objectname) [2ms]
2025-05-17 02:00:38.594 [info] > git status -z -uall [69ms]
2025-05-17 02:00:39.618 [info] > git ls-files --stage -- src/network/client_output.rs [2ms]
2025-05-17 02:00:39.635 [info] > git cat-file -s aac75bc1c971f897cec659471eb336b3c29360fc [1ms]
2025-05-17 02:00:39.655 [info] > git show --textconv :src/network/client_output.rs [2ms]
2025-05-17 02:05:22.897 [info] > git fetch [1661ms]
2025-05-17 02:05:22.965 [info] > git config --get commit.template [18ms]
2025-05-17 02:05:22.978 [info] > git for-each-ref --format=%(refname)%00%(upstream:short)%00%(objectname)%00%(upstream:track)%00%(upstream:remotename)%00%(upstream:remoteref) refs/heads/dev refs/remotes/dev [14ms]
2025-05-17 02:05:23.039 [info] > git for-each-ref --sort -committerdate --format %(refname)%00%(objectname)%00%(*objectname) [20ms]
2025-05-17 02:05:23.100 [info] > git status -z -uall [101ms]
2025-05-17 02:05:24.437 [info] > git ls-files --stage -- src/network/client_output.rs [2ms]
2025-05-17 02:05:24.465 [info] > git cat-file -s aac75bc1c971f897cec659471eb336b3c29360fc [3ms]
2025-05-17 02:05:24.509 [info] > git show --textconv :src/network/client_output.rs [18ms]
2025-05-17 02:09:04.743 [info] > git fetch [1372ms]
2025-05-17 02:09:04.799 [info] > git config --get commit.template [19ms]
2025-05-17 02:09:04.800 [info] > git for-each-ref --format=%(refname)%00%(upstream:short)%00%(objectname)%00%(upstream:track)%00%(upstream:remotename)%00%(upstream:remoteref) refs/heads/dev refs/remotes/dev [2ms]
2025-05-17 02:09:04.839 [info] > git for-each-ref --sort -committerdate --format %(refname)%00%(objectname)%00%(*objectname) [3ms]
2025-05-17 02:09:04.846 [info] > git status -z -uall [29ms]
2025-05-17 02:14:54.927 [info] > git config --get commit.template [815ms]
2025-05-17 02:14:54.971 [info] > git ls-files --stage -- src/network/client_output.rs [914ms]
2025-05-17 02:14:55.238 [info] > git cat-file -s aac75bc1c971f897cec659471eb336b3c29360fc [252ms]
2025-05-17 02:14:55.293 [info] > git for-each-ref --format=%(refname)%00%(upstream:short)%00%(objectname)%00%(upstream:track)%00%(upstream:remotename)%00%(upstream:remoteref) refs/heads/dev refs/remotes/dev [1134ms]
2025-05-17 02:14:55.346 [info] > git show --textconv :src/network/client_output.rs [89ms]
2025-05-17 02:14:56.108 [info] > git ls-files --stage -- src/network/client_output.rs [1ms]
2025-05-17 02:14:56.126 [info] > git cat-file -s aac75bc1c971f897cec659471eb336b3c29360fc [1ms]
2025-05-17 02:14:56.146 [info] > git show --textconv :src/network/client_output.rs [2ms]
2025-05-17 02:14:56.372 [info] > git for-each-ref --sort -committerdate --format %(refname)%00%(objectname)%00%(*objectname) [1046ms]
2025-05-17 02:14:56.502 [info] > git status -z -uall [1193ms]
2025-05-17 02:14:57.764 [info] > git fetch [3729ms]
2025-05-17 02:14:57.799 [info] > git config --get commit.template [17ms]
2025-05-17 02:14:57.799 [info] > git for-each-ref --format=%(refname)%00%(upstream:short)%00%(objectname)%00%(upstream:track)%00%(upstream:remotename)%00%(upstream:remoteref) refs/heads/dev refs/remotes/dev [2ms]
2025-05-17 02:14:57.833 [info] > git status -z -uall [17ms]
2025-05-17 02:14:57.834 [info] > git for-each-ref --sort -committerdate --format %(refname)%00%(objectname)%00%(*objectname) [2ms]
2025-05-17 02:14:58.958 [info] > git ls-files --stage -- src/network/client_output.rs [1ms]
2025-05-17 02:14:58.979 [info] > git cat-file -s aac75bc1c971f897cec659471eb336b3c29360fc [2ms]
2025-05-17 02:14:59.001 [info] > git show --textconv :src/network/client_output.rs [1ms]
2025-05-17 02:15:06.037 [info] > git blame --root --incremental e354eb539c0950951537659cd4d24a306defae75 -- src/network/client_output.rs [926ms]
2025-05-17 02:19:54.079 [info] > git fetch [805ms]
2025-05-17 02:19:54.115 [info] > git config --get commit.template [17ms]
2025-05-17 02:19:54.117 [info] > git for-each-ref --format=%(refname)%00%(upstream:short)%00%(objectname)%00%(upstream:track)%00%(upstream:remotename)%00%(upstream:remoteref) refs/heads/dev refs/remotes/dev [2ms]
2025-05-17 02:19:54.153 [info] > git status -z -uall [19ms]
2025-05-17 02:19:54.155 [info] > git for-each-ref --sort -committerdate --format %(refname)%00%(objectname)%00%(*objectname) [3ms]
2025-05-17 02:24:27.095 [info] > git ls-files --stage -- src/network/client_output.rs [3ms]
2025-05-17 02:24:27.124 [info] > git cat-file -s aac75bc1c971f897cec659471eb336b3c29360fc [5ms]
2025-05-17 02:24:27.151 [info] > git show --textconv :src/network/client_output.rs [2ms]
2025-05-17 02:24:27.806 [info] > git fetch [758ms]
2025-05-17 02:24:27.842 [info] > git config --get commit.template [18ms]
2025-05-17 02:24:27.843 [info] > git for-each-ref --format=%(refname)%00%(upstream:short)%00%(objectname)%00%(upstream:track)%00%(upstream:remotename)%00%(upstream:remoteref) refs/heads/dev refs/remotes/dev [2ms]
2025-05-17 02:24:27.880 [info] > git status -z -uall [18ms]
2025-05-17 02:24:27.883 [info] > git for-each-ref --sort -committerdate --format %(refname)%00%(objectname)%00%(*objectname) [4ms]
2025-05-17 02:27:04.906 [info] > git ls-files --stage -- src/network/client_output.rs [2ms]
2025-05-17 02:27:04.929 [info] > git cat-file -s aac75bc1c971f897cec659471eb336b3c29360fc [2ms]
2025-05-17 02:27:04.972 [info] > git show --textconv :src/network/client_output.rs [2ms]
2025-05-17 02:27:08.142 [info] > git log --oneline --cherry dev...dev@{upstream} -- [32ms]
2025-05-17 02:27:09.075 [info] > git pull --tags origin dev [912ms]
2025-05-17 02:27:09.075 [info] From https://github.com/taller-1-fiuba-rust/25C1-GrupoX
 * branch            dev        -> FETCH_HEAD
2025-05-17 02:27:09.111 [info] > git config --get commit.template [19ms]
2025-05-17 02:27:09.112 [info] > git for-each-ref --format=%(refname)%00%(upstream:short)%00%(objectname)%00%(upstream:track)%00%(upstream:remotename)%00%(upstream:remoteref) refs/heads/dev refs/remotes/dev [2ms]
2025-05-17 02:27:09.152 [info] > git status -z -uall [22ms]
2025-05-17 02:27:09.153 [info] > git for-each-ref --sort -committerdate --format %(refname)%00%(objectname)%00%(*objectname) [2ms]
2025-05-17 02:27:09.197 [info] > git merge-base refs/heads/dev refs/remotes/origin/dev [2ms]
2025-05-17 02:27:09.219 [info] > git blame --root --incremental cc351ba7f2a82cc64f7e0f25a7d23abd79304b0d -- src/network/client_output.rs [45ms]
2025-05-17 02:27:09.243 [info] > git diff --name-status -z --diff-filter=ADMR cc351ba7f2a82cc64f7e0f25a7d23abd79304b0d...refs/remotes/origin/dev [25ms]
2025-05-17 02:27:10.084 [info] > git check-ignore -v -z --stdin [2ms]
2025-05-17 02:27:10.248 [info] > git config --get commit.template [2ms]
2025-05-17 02:27:10.272 [info] > git for-each-ref --format=%(refname)%00%(upstream:short)%00%(objectname)%00%(upstream:track)%00%(upstream:remotename)%00%(upstream:remoteref) refs/heads/dev refs/remotes/dev [2ms]
2025-05-17 02:27:10.321 [info] > git status -z -uall [29ms]
2025-05-17 02:27:10.323 [info] > git for-each-ref --sort -committerdate --format %(refname)%00%(objectname)%00%(*objectname) [3ms]
2025-05-17 02:27:10.356 [info] > git ls-files --stage -- src/network/client_output.rs [1ms]
2025-05-17 02:27:10.380 [info] > git cat-file -s aac75bc1c971f897cec659471eb336b3c29360fc [0ms]
2025-05-17 02:27:10.406 [info] > git show --textconv :src/network/client_output.rs [2ms]
2025-05-17 02:27:11.905 [info] > git show --textconv :src/network/client_input.rs [29ms]
2025-05-17 02:27:11.911 [info] > git ls-files --stage -- src/network/client_input.rs [10ms]
2025-05-17 02:27:11.936 [info] > git cat-file -s 45327cb7e448631efec0cca577b5eaf324916f4a [5ms]
2025-05-17 02:27:13.718 [info] > git blame --root --incremental cc351ba7f2a82cc64f7e0f25a7d23abd79304b0d -- src/network/client_input.rs [7ms]
2025-05-17 02:27:17.491 [info] > git show --textconv :src/network/client_output.rs [19ms]
2025-05-17 02:27:17.492 [info] > git ls-files --stage -- src/network/client_output.rs [2ms]
2025-05-17 02:27:17.513 [info] > git cat-file -s aac75bc1c971f897cec659471eb336b3c29360fc [4ms]
2025-05-17 02:27:23.084 [info] > git config --get commit.template [1ms]
2025-05-17 02:27:23.108 [info] > git for-each-ref --format=%(refname)%00%(upstream:short)%00%(objectname)%00%(upstream:track)%00%(upstream:remotename)%00%(upstream:remoteref) refs/heads/dev refs/remotes/dev [2ms]
2025-05-17 02:27:23.150 [info] > git status -z -uall [20ms]
2025-05-17 02:27:23.151 [info] > git for-each-ref --sort -committerdate --format %(refname)%00%(objectname)%00%(*objectname) [2ms]
2025-05-17 02:27:28.675 [info] > git fetch [768ms]
2025-05-17 02:27:28.711 [info] > git config --get commit.template [19ms]
2025-05-17 02:27:28.712 [info] > git for-each-ref --format=%(refname)%00%(upstream:short)%00%(objectname)%00%(upstream:track)%00%(upstream:remotename)%00%(upstream:remoteref) refs/heads/dev refs/remotes/dev [2ms]
2025-05-17 02:27:28.748 [info] > git status -z -uall [18ms]
2025-05-17 02:27:28.750 [info] > git for-each-ref --sort -committerdate --format %(refname)%00%(objectname)%00%(*objectname) [3ms]
2025-05-17 02:27:28.798 [info] > git config --get commit.template [25ms]
2025-05-17 02:27:28.798 [info] > git for-each-ref --format=%(refname)%00%(upstream:short)%00%(objectname)%00%(upstream:track)%00%(upstream:remotename)%00%(upstream:remoteref) refs/heads/dev refs/remotes/dev [3ms]
2025-05-17 02:27:28.845 [info] > git status -z -uall [26ms]
2025-05-17 02:27:28.849 [info] > git for-each-ref --sort -committerdate --format %(refname)%00%(objectname)%00%(*objectname) [5ms]
2025-05-17 02:27:29.871 [info] > git ls-files --stage -- src/network/client_output.rs [1ms]
2025-05-17 02:27:29.891 [info] > git cat-file -s aac75bc1c971f897cec659471eb336b3c29360fc [2ms]
2025-05-17 02:27:29.912 [info] > git show --textconv :src/network/client_output.rs [2ms]
2025-05-17 02:27:47.109 [info] > git config --get commit.template [1ms]
2025-05-17 02:27:47.159 [info] > git for-each-ref --format=%(refname)%00%(upstream:short)%00%(objectname)%00%(upstream:track)%00%(upstream:remotename)%00%(upstream:remoteref) refs/heads/dev refs/remotes/dev [1ms]
2025-05-17 02:27:47.271 [info] > git status -z -uall [55ms]
2025-05-17 02:27:47.273 [info] > git for-each-ref --sort -committerdate --format %(refname)%00%(objectname)%00%(*objectname) [3ms]
2025-05-17 02:27:59.833 [info] > git config --get commit.template [29ms]
2025-05-17 02:27:59.834 [info] > git for-each-ref --format=%(refname)%00%(upstream:short)%00%(objectname)%00%(upstream:track)%00%(upstream:remotename)%00%(upstream:remoteref) refs/heads/dev refs/remotes/dev [2ms]
2025-05-17 02:27:59.888 [info] > git status -z -uall [29ms]
2025-05-17 02:27:59.890 [info] > git for-each-ref --sort -committerdate --format %(refname)%00%(objectname)%00%(*objectname) [3ms]
2025-05-17 02:28:04.931 [info] > git config --get commit.template [18ms]
2025-05-17 02:28:04.932 [info] > git for-each-ref --format=%(refname)%00%(upstream:short)%00%(objectname)%00%(upstream:track)%00%(upstream:remotename)%00%(upstream:remoteref) refs/heads/dev refs/remotes/dev [1ms]
2025-05-17 02:28:04.969 [info] > git status -z -uall [19ms]
2025-05-17 02:28:04.970 [info] > git for-each-ref --sort -committerdate --format %(refname)%00%(objectname)%00%(*objectname) [2ms]
2025-05-17 02:28:09.997 [info] > git config --get commit.template [1ms]
2025-05-17 02:28:10.018 [info] > git for-each-ref --format=%(refname)%00%(upstream:short)%00%(objectname)%00%(upstream:track)%00%(upstream:remotename)%00%(upstream:remoteref) refs/heads/dev refs/remotes/dev [3ms]
2025-05-17 02:28:10.055 [info] > git status -z -uall [19ms]
2025-05-17 02:28:10.056 [info] > git for-each-ref --sort -committerdate --format %(refname)%00%(objectname)%00%(*objectname) [2ms]
2025-05-17 02:28:23.326 [info] > git ls-files --stage -- src/network/client_input.rs [10ms]
2025-05-17 02:28:23.438 [info] > git show --textconv :src/network/client_input.rs [195ms]
2025-05-17 02:28:23.439 [info] > git cat-file -s 45327cb7e448631efec0cca577b5eaf324916f4a [14ms]
2025-05-17 02:28:32.359 [info] > git config --get commit.template [538ms]
2025-05-17 02:28:33.426 [info] > git for-each-ref --format=%(refname)%00%(upstream:short)%00%(objectname)%00%(upstream:track)%00%(upstream:remotename)%00%(upstream:remoteref) refs/heads/dev refs/remotes/dev [1541ms]
2025-05-17 02:28:34.841 [info] > git for-each-ref --sort -committerdate --format %(refname)%00%(objectname)%00%(*objectname) [1374ms]
2025-05-17 02:28:35.832 [info] > git status -z -uall [2386ms]
2025-05-17 02:28:41.316 [info] > git config --get commit.template [383ms]
2025-05-17 02:28:41.993 [info] > git for-each-ref --format=%(refname)%00%(upstream:short)%00%(objectname)%00%(upstream:track)%00%(upstream:remotename)%00%(upstream:remoteref) refs/heads/dev refs/remotes/dev [1016ms]
2025-05-17 02:28:43.784 [info] > git status -z -uall [1664ms]
2025-05-17 02:28:43.960 [info] > git for-each-ref --sort -committerdate --format %(refname)%00%(objectname)%00%(*objectname) [1820ms]
2025-05-17 02:28:49.164 [info] > git for-each-ref --format=%(refname)%00%(upstream:short)%00%(objectname)%00%(upstream:track)%00%(upstream:remotename)%00%(upstream:remoteref) refs/heads/dev refs/remotes/dev [1ms]
2025-05-17 02:28:49.165 [info] > git config --get commit.template [20ms]
2025-05-17 02:28:49.200 [info] > git status -z -uall [18ms]
2025-05-17 02:28:49.202 [info] > git for-each-ref --sort -committerdate --format %(refname)%00%(objectname)%00%(*objectname) [3ms]
2025-05-17 02:28:54.245 [info] > git config --get commit.template [19ms]
2025-05-17 02:28:54.245 [info] > git for-each-ref --format=%(refname)%00%(upstream:short)%00%(objectname)%00%(upstream:track)%00%(upstream:remotename)%00%(upstream:remoteref) refs/heads/dev refs/remotes/dev [1ms]
2025-05-17 02:28:54.289 [info] > git status -z -uall [24ms]
2025-05-17 02:28:54.289 [info] > git for-each-ref --sort -committerdate --format %(refname)%00%(objectname)%00%(*objectname) [2ms]
2025-05-17 02:28:59.977 [info] > git config --get commit.template [667ms]
2025-05-17 02:28:59.977 [info] > git for-each-ref --format=%(refname)%00%(upstream:short)%00%(objectname)%00%(upstream:track)%00%(upstream:remotename)%00%(upstream:remoteref) refs/heads/dev refs/remotes/dev [573ms]
2025-05-17 02:29:01.575 [info] > git for-each-ref --sort -committerdate --format %(refname)%00%(objectname)%00%(*objectname) [1561ms]
2025-05-17 02:29:01.711 [info] > git status -z -uall [1715ms]
2025-05-17 02:29:12.663 [info] > git for-each-ref --format=%(refname)%00%(upstream:short)%00%(objectname)%00%(upstream:track)%00%(upstream:remotename)%00%(upstream:remoteref) refs/heads/dev refs/remotes/dev [1126ms]
2025-05-17 02:29:12.683 [info] > git config --get commit.template [1163ms]
2025-05-17 02:29:12.724 [info] > git for-each-ref --sort -committerdate --format %(refname)%00%(objectname)%00%(*objectname) [2ms]
2025-05-17 02:29:12.753 [info] > git status -z -uall [51ms]
2025-05-17 02:29:18.456 [info] > git config --get commit.template [603ms]
2025-05-17 02:29:18.911 [info] > git for-each-ref --format=%(refname)%00%(upstream:short)%00%(objectname)%00%(upstream:track)%00%(upstream:remotename)%00%(upstream:remoteref) refs/heads/dev refs/remotes/dev [1039ms]
2025-05-17 02:29:21.802 [info] > git for-each-ref --sort -committerdate --format %(refname)%00%(objectname)%00%(*objectname) [2854ms]
2025-05-17 02:29:22.944 [info] > git status -z -uall [4014ms]
2025-05-17 02:29:29.382 [info] > git config --get commit.template [288ms]
2025-05-17 02:29:29.977 [info] > git for-each-ref --format=%(refname)%00%(upstream:short)%00%(objectname)%00%(upstream:track)%00%(upstream:remotename)%00%(upstream:remoteref) refs/heads/dev refs/remotes/dev [856ms]
2025-05-17 02:29:31.951 [info] > git for-each-ref --sort -committerdate --format %(refname)%00%(objectname)%00%(*objectname) [1939ms]
2025-05-17 02:29:33.224 [info] > git status -z -uall [3230ms]
2025-05-17 02:29:40.640 [info] > git config --get commit.template [511ms]
2025-05-17 02:29:41.451 [info] > git for-each-ref --format=%(refname)%00%(upstream:short)%00%(objectname)%00%(upstream:track)%00%(upstream:remotename)%00%(upstream:remoteref) refs/heads/dev refs/remotes/dev [1283ms]
2025-05-17 02:29:43.735 [info] > git for-each-ref --sort -committerdate --format %(refname)%00%(objectname)%00%(*objectname) [2243ms]
2025-05-17 02:29:44.989 [info] > git status -z -uall [3516ms]
2025-05-17 02:29:50.624 [info] > git for-each-ref --format=%(refname)%00%(upstream:short)%00%(objectname)%00%(upstream:track)%00%(upstream:remotename)%00%(upstream:remoteref) refs/heads/dev refs/remotes/dev [2ms]
2025-05-17 02:29:50.624 [info] > git config --get commit.template [20ms]
2025-05-17 02:29:50.664 [info] > git status -z -uall [21ms]
2025-05-17 02:29:50.665 [info] > git for-each-ref --sort -committerdate --format %(refname)%00%(objectname)%00%(*objectname) [2ms]
2025-05-17 02:29:55.878 [info] > git for-each-ref --format=%(refname)%00%(upstream:short)%00%(objectname)%00%(upstream:track)%00%(upstream:remotename)%00%(upstream:remoteref) refs/heads/dev refs/remotes/dev [90ms]
2025-05-17 02:29:55.931 [info] > git config --get commit.template [162ms]
2025-05-17 02:29:56.030 [info] > git for-each-ref --sort -committerdate --format %(refname)%00%(objectname)%00%(*objectname) [67ms]
2025-05-17 02:29:56.110 [info] > git status -z -uall [163ms]
2025-05-17 02:30:02.825 [info] > git config --get commit.template [1435ms]
2025-05-17 02:30:03.785 [info] > git for-each-ref --format=%(refname)%00%(upstream:short)%00%(objectname)%00%(upstream:track)%00%(upstream:remotename)%00%(upstream:remoteref) refs/heads/dev refs/remotes/dev [2258ms]
2025-05-17 02:30:05.700 [info] > git for-each-ref --sort -committerdate --format %(refname)%00%(objectname)%00%(*objectname) [1876ms]
2025-05-17 02:30:06.240 [info] > git status -z -uall [2434ms]
2025-05-17 02:30:36.507 [info] > git config --get commit.template [1ms]
2025-05-17 02:30:36.525 [info] > git for-each-ref --format=%(refname)%00%(upstream:short)%00%(objectname)%00%(upstream:track)%00%(upstream:remotename)%00%(upstream:remoteref) refs/heads/dev refs/remotes/dev [2ms]
2025-05-17 02:30:36.559 [info] > git status -z -uall [17ms]
2025-05-17 02:30:36.563 [info] > git for-each-ref --sort -committerdate --format %(refname)%00%(objectname)%00%(*objectname) [4ms]
2025-05-17 02:30:38.233 [info] > git ls-files --stage -- src/network/client_input.rs [49ms]
2025-05-17 02:30:38.280 [info] > git cat-file -s 45327cb7e448631efec0cca577b5eaf324916f4a [30ms]
2025-05-17 02:30:38.315 [info] > git show --textconv :src/network/client_input.rs [17ms]
2025-05-17 02:30:39.825 [info] > git fetch [3338ms]
2025-05-17 02:30:39.861 [info] > git config --get commit.template [19ms]
2025-05-17 02:30:39.862 [info] > git for-each-ref --format=%(refname)%00%(upstream:short)%00%(objectname)%00%(upstream:track)%00%(upstream:remotename)%00%(upstream:remoteref) refs/heads/dev refs/remotes/dev [2ms]
2025-05-17 02:30:39.896 [info] > git status -z -uall [16ms]
2025-05-17 02:30:39.898 [info] > git for-each-ref --sort -committerdate --format %(refname)%00%(objectname)%00%(*objectname) [3ms]
2025-05-17 02:30:41.017 [info] > git ls-files --stage -- src/network/client_input.rs [1ms]
2025-05-17 02:30:41.035 [info] > git cat-file -s 45327cb7e448631efec0cca577b5eaf324916f4a [1ms]
2025-05-17 02:30:41.055 [info] > git show --textconv :src/network/client_input.rs [1ms]
2025-05-17 02:30:41.600 [info] > git config --get commit.template [18ms]
2025-05-17 02:30:41.601 [info] > git for-each-ref --format=%(refname)%00%(upstream:short)%00%(objectname)%00%(upstream:track)%00%(upstream:remotename)%00%(upstream:remoteref) refs/heads/dev refs/remotes/dev [1ms]
2025-05-17 02:30:41.634 [info] > git status -z -uall [17ms]
2025-05-17 02:30:41.636 [info] > git for-each-ref --sort -committerdate --format %(refname)%00%(objectname)%00%(*objectname) [2ms]
2025-05-17 02:32:22.368 [info] > git show --textconv :src/command/commands.rs [22ms]
2025-05-17 02:32:22.370 [info] > git ls-files --stage -- src/command/commands.rs [3ms]
2025-05-17 02:32:22.398 [info] > git cat-file -s 67da74900a2a55a938bcfbada51f5b72dc212422 [10ms]
2025-05-17 02:32:23.214 [info] > git blame --root --incremental cc351ba7f2a82cc64f7e0f25a7d23abd79304b0d -- src/command/commands.rs [765ms]
2025-05-17 02:32:24.005 [info] > git check-ignore -v -z --stdin [1ms]
2025-05-17 02:32:24.511 [info] > git show --textconv :src/cluster/mod.rs [18ms]
2025-05-17 02:32:24.512 [info] > git ls-files --stage -- src/cluster/mod.rs [2ms]
2025-05-17 02:32:24.529 [info] > git cat-file -s 8b137891791fe96927ad78e64b0aad7bded08bdc [2ms]
2025-05-17 02:32:25.815 [info] > git check-ignore -v -z --stdin [1ms]
2025-05-17 02:32:26.661 [info] > git blame --root --incremental cc351ba7f2a82cc64f7e0f25a7d23abd79304b0d -- src/cluster/mod.rs [2ms]
2025-05-17 02:32:28.287 [info] > git show --textconv :src/command/instruction.rs [19ms]
2025-05-17 02:32:28.287 [info] > git ls-files --stage -- src/command/instruction.rs [1ms]
2025-05-17 02:32:28.305 [info] > git cat-file -s 7504413af32613971ea3266658ce7c22fa437b2a [1ms]
2025-05-17 02:32:28.335 [info] > git blame --root --incremental cc351ba7f2a82cc64f7e0f25a7d23abd79304b0d -- src/command/instruction.rs [5ms]
2025-05-17 02:32:45.610 [info] > git show --textconv :src/network/client_input.rs [17ms]
2025-05-17 02:32:45.615 [info] > git ls-files --stage -- src/network/client_input.rs [5ms]
2025-05-17 02:32:45.635 [info] > git cat-file -s 45327cb7e448631efec0cca577b5eaf324916f4a [4ms]
2025-05-17 02:33:12.876 [info] > git show --textconv :src/command/command_executor.rs [18ms]
2025-05-17 02:33:12.877 [info] > git ls-files --stage -- src/command/command_executor.rs [1ms]
2025-05-17 02:33:12.896 [info] > git cat-file -s 4cab82f3835da21a4002e1cf64b8878f6c1d2bfa [1ms]
2025-05-17 02:33:13.004 [info] > git blame --root --incremental cc351ba7f2a82cc64f7e0f25a7d23abd79304b0d -- src/command/command_executor.rs [5ms]
2025-05-17 02:33:39.776 [info] > git show --textconv :src/command/try_from.rs [16ms]
2025-05-17 02:33:39.777 [info] > git ls-files --stage -- src/command/try_from.rs [1ms]
2025-05-17 02:33:39.794 [info] > git cat-file -s ddace4d761f65de454b063c39d6bfcbe806675f0 [2ms]
2025-05-17 02:33:40.645 [info] > git fetch [728ms]
2025-05-17 02:33:40.680 [info] > git config --get commit.template [18ms]
2025-05-17 02:33:40.681 [info] > git for-each-ref --format=%(refname)%00%(upstream:short)%00%(objectname)%00%(upstream:track)%00%(upstream:remotename)%00%(upstream:remoteref) refs/heads/dev refs/remotes/dev [2ms]
2025-05-17 02:33:40.717 [info] > git status -z -uall [19ms]
2025-05-17 02:33:40.718 [info] > git for-each-ref --sort -committerdate --format %(refname)%00%(objectname)%00%(*objectname) [2ms]
2025-05-17 02:33:41.846 [info] > git ls-files --stage -- src/command/try_from.rs [1ms]
2025-05-17 02:33:41.862 [info] > git cat-file -s ddace4d761f65de454b063c39d6bfcbe806675f0 [1ms]
2025-05-17 02:33:41.880 [info] > git show --textconv :src/command/try_from.rs [2ms]
2025-05-17 02:33:42.213 [info] > git show --textconv :src/command/types.rs [18ms]
2025-05-17 02:33:42.213 [info] > git ls-files --stage -- src/command/types.rs [1ms]
2025-05-17 02:33:42.235 [info] > git cat-file -s 7b9070a45fe3eab0ba8a2d696e1c553a3e152879 [6ms]
2025-05-17 02:33:42.306 [info] > git blame --root --incremental cc351ba7f2a82cc64f7e0f25a7d23abd79304b0d -- src/command/types.rs [47ms]
2025-05-17 02:33:47.562 [info] > git show --textconv :src/command/command_executor.rs [16ms]
2025-05-17 02:33:47.563 [info] > git ls-files --stage -- src/command/command_executor.rs [1ms]
2025-05-17 02:33:47.582 [info] > git cat-file -s 4cab82f3835da21a4002e1cf64b8878f6c1d2bfa [3ms]
2025-05-17 02:33:48.016 [info] > git show --textconv :src/command/commands.rs [15ms]
2025-05-17 02:33:48.017 [info] > git ls-files --stage -- src/command/commands.rs [1ms]
2025-05-17 02:33:48.038 [info] > git cat-file -s 67da74900a2a55a938bcfbada51f5b72dc212422 [5ms]
2025-05-17 02:33:52.165 [info] > git show --textconv :src/command/instruction.rs [17ms]
2025-05-17 02:33:52.166 [info] > git ls-files --stage -- src/command/instruction.rs [1ms]
2025-05-17 02:33:52.183 [info] > git cat-file -s 7504413af32613971ea3266658ce7c22fa437b2a [2ms]
2025-05-17 02:33:54.247 [info] > git check-ignore -v -z --stdin [1ms]
2025-05-17 02:33:58.070 [info] > git show --textconv :src/command/commands.rs [17ms]
2025-05-17 02:33:58.070 [info] > git ls-files --stage -- src/command/commands.rs [1ms]
2025-05-17 02:33:58.087 [info] > git cat-file -s 67da74900a2a55a938bcfbada51f5b72dc212422 [1ms]
2025-05-17 02:33:58.990 [info] > git show --textconv :src/command/try_from.rs [18ms]
2025-05-17 02:33:58.991 [info] > git ls-files --stage -- src/command/try_from.rs [2ms]
2025-05-17 02:33:59.008 [info] > git cat-file -s ddace4d761f65de454b063c39d6bfcbe806675f0 [2ms]
2025-05-17 02:34:01.974 [info] > git show --textconv :src/command/test.rs [25ms]
2025-05-17 02:34:01.976 [info] > git ls-files --stage -- src/command/test.rs [3ms]
2025-05-17 02:34:01.997 [info] > git cat-file -s a4abe76d639ec5040729aa6e5c833f1cd2201669 [2ms]
2025-05-17 02:34:03.012 [info] > git show --textconv :src/command/instruction.rs [16ms]
2025-05-17 02:34:03.012 [info] > git ls-files --stage -- src/command/instruction.rs [1ms]
2025-05-17 02:34:03.029 [info] > git cat-file -s 7504413af32613971ea3266658ce7c22fa437b2a [1ms]
2025-05-17 02:34:06.310 [info] > git show --textconv :src/command/types.rs [17ms]
2025-05-17 02:34:06.311 [info] > git ls-files --stage -- src/command/types.rs [1ms]
2025-05-17 02:34:06.345 [info] > git cat-file -s 7b9070a45fe3eab0ba8a2d696e1c553a3e152879 [20ms]
2025-05-17 02:34:14.792 [info] > git show --textconv :src/network/client_input.rs [22ms]
2025-05-17 02:34:14.794 [info] > git ls-files --stage -- src/network/client_input.rs [4ms]
2025-05-17 02:34:14.814 [info] > git cat-file -s 45327cb7e448631efec0cca577b5eaf324916f4a [2ms]
2025-05-17 02:34:49.414 [info] > git show --textconv :src/network/client_output.rs [17ms]
2025-05-17 02:34:49.415 [info] > git ls-files --stage -- src/network/client_output.rs [2ms]
2025-05-17 02:34:49.432 [info] > git cat-file -s aac75bc1c971f897cec659471eb336b3c29360fc [2ms]
2025-05-17 02:34:52.099 [info] > git show --textconv :src/network/connection_handler.rs [16ms]
2025-05-17 02:34:52.100 [info] > git ls-files --stage -- src/network/connection_handler.rs [1ms]
2025-05-17 02:34:52.116 [info] > git cat-file -s 9fcb425b7d389f147dc42d2ec46d73f7c69925a6 [1ms]
2025-05-17 02:34:52.332 [info] > git blame --root --incremental cc351ba7f2a82cc64f7e0f25a7d23abd79304b0d -- src/network/connection_handler.rs [176ms]
2025-05-17 02:35:04.025 [info] > git check-ignore -v -z --stdin [2ms]
2025-05-17 02:35:04.499 [info] > git show --textconv :src/storage/disk_loader.rs [15ms]
2025-05-17 02:35:04.500 [info] > git ls-files --stage -- src/storage/disk_loader.rs [1ms]
2025-05-17 02:35:04.517 [info] > git cat-file -s 6fa4cca803c7723445e95c5ec610b491dc3558e1 [1ms]
2025-05-17 02:35:09.203 [info] > git check-ignore -v -z --stdin [1ms]
