2025-05-21 09:47:26 Loading main app package /usr/lib/obsidian/obsidian.asar
2025-05-21 09:47:26 Checking for update using Github
2025-05-21 09:47:29 Success.
2025-05-21 09:47:29 Latest version is 1.8.10
2025-05-21 09:47:29 App is up to date.
2025-05-24 01:25:37 Loading main app package /usr/lib/obsidian/obsidian.asar
2025-05-24 01:25:42 Checking for update using Github
2025-05-24 01:25:43 Success.
2025-05-24 01:25:43 Latest version is 1.8.10
2025-05-24 01:25:43 App is up to date.
2025-05-24 01:26:46 Loading main app package /usr/lib/obsidian/obsidian.asar
2025-05-24 01:26:46 Checking for update using Github
2025-05-24 01:26:46 Success.
2025-05-24 01:26:46 Latest version is 1.8.10
2025-05-24 01:26:46 App is up to date.
2025-05-26 21:47:44 Loading main app package /usr/lib/obsidian/obsidian.asar
2025-05-26 21:47:50 Checking for update using Github
2025-05-26 21:47:51 Success.
2025-05-26 21:47:51 Latest version is 1.8.10
2025-05-26 21:47:51 App is up to date.
2025-05-29 06:05:34 Loading main app package /usr/lib/obsidian/obsidian.asar
2025-05-29 06:05:39 Checking for update using Github
2025-05-29 06:05:41 Success.
2025-05-29 06:05:41 Latest version is 1.8.10
2025-05-29 06:05:41 App is up to date.
2025-06-09 04:18:19 Loading main app package /usr/lib/obsidian/obsidian.asar
2025-06-09 04:18:22 Checking for update using Github
2025-06-09 04:18:23 Success.
2025-06-09 04:18:23 Latest version is 1.8.10
2025-06-09 04:18:23 App is up to date.
2025-06-09 21:13:08 Loading main app package /usr/lib/obsidian/obsidian.asar
2025-06-09 21:13:11 Checking for update using Github
2025-06-09 21:13:12 Success.
2025-06-09 21:13:12 Latest version is 1.8.10
2025-06-09 21:13:12 App is up to date.
2025-06-10 20:56:19 Loading main app package /usr/lib/obsidian/obsidian.asar
2025-06-10 20:56:24 Loading main app package /usr/lib/obsidian/obsidian.asar
2025-06-10 20:56:28 Checking for update using Github
2025-06-10 20:56:28 Checking for update using Github
2025-06-10 20:56:30 Success.
2025-06-10 20:56:30 Latest version is 1.8.10
2025-06-10 20:56:30 App is up to date.
2025-06-13 05:07:22 Loading main app package /usr/lib/obsidian/obsidian.asar
2025-06-13 05:07:25 Checking for update using Github
2025-06-13 05:07:26 Success.
2025-06-13 05:07:26 Latest version is 1.8.10
2025-06-13 05:07:26 App is up to date.
2025-06-25 04:21:01 Loading main app package /usr/lib/obsidian/obsidian.asar
2025-06-25 04:21:04 Checking for update using Github
2025-06-25 04:21:05 Success.
2025-06-25 04:21:05 Latest version is 1.8.10
2025-06-25 04:21:05 App is up to date.
2025-06-27 01:45:53 Loading main app package /usr/lib/obsidian/obsidian.asar
2025-06-27 01:45:56 Checking for update using Github
2025-06-27 01:45:57 Success.
2025-06-27 01:45:57 Latest version is 1.8.10
2025-06-27 01:45:57 App is up to date.
2025-07-17 22:59:33 Loading main app package /usr/lib/obsidian/obsidian.asar
2025-07-17 22:59:35 Checking for update using Github
2025-07-17 22:59:36 Success.
2025-07-17 22:59:36 Latest version is 1.8.10
2025-07-17 22:59:36 App is up to date.
